Archive member included to satisfy reference by file (symbol)

c:/ac6/systemworkbench_min/plugins/fr.ac6.mcu.externaltools.arm-none.win32_1.15.0.201708311556/tools/compiler/bin/../lib/gcc/arm-none-eabi/6.3.1/../../../../arm-none-eabi/lib/thumb/v7e-m/fpv4-sp/hard\libc_nano.a(lib_a-exit.o)
                              c:/ac6/systemworkbench_min/plugins/fr.ac6.mcu.externaltools.arm-none.win32_1.15.0.201708311556/tools/compiler/bin/../lib/gcc/arm-none-eabi/6.3.1/../../../../arm-none-eabi/lib/thumb/v7e-m/fpv4-sp/hard/crt0.o (exit)
c:/ac6/systemworkbench_min/plugins/fr.ac6.mcu.externaltools.arm-none.win32_1.15.0.201708311556/tools/compiler/bin/../lib/gcc/arm-none-eabi/6.3.1/../../../../arm-none-eabi/lib/thumb/v7e-m/fpv4-sp/hard\libc_nano.a(lib_a-impure.o)
                              c:/ac6/systemworkbench_min/plugins/fr.ac6.mcu.externaltools.arm-none.win32_1.15.0.201708311556/tools/compiler/bin/../lib/gcc/arm-none-eabi/6.3.1/../../../../arm-none-eabi/lib/thumb/v7e-m/fpv4-sp/hard\libc_nano.a(lib_a-exit.o) (_global_impure_ptr)
c:/ac6/systemworkbench_min/plugins/fr.ac6.mcu.externaltools.arm-none.win32_1.15.0.201708311556/tools/compiler/bin/../lib/gcc/arm-none-eabi/6.3.1/../../../../arm-none-eabi/lib/thumb/v7e-m/fpv4-sp/hard\libc_nano.a(lib_a-init.o)
                              c:/ac6/systemworkbench_min/plugins/fr.ac6.mcu.externaltools.arm-none.win32_1.15.0.201708311556/tools/compiler/bin/../lib/gcc/arm-none-eabi/6.3.1/../../../../arm-none-eabi/lib/thumb/v7e-m/fpv4-sp/hard/crt0.o (__libc_init_array)
c:/ac6/systemworkbench_min/plugins/fr.ac6.mcu.externaltools.arm-none.win32_1.15.0.201708311556/tools/compiler/bin/../lib/gcc/arm-none-eabi/6.3.1/../../../../arm-none-eabi/lib/thumb/v7e-m/fpv4-sp/hard\libc_nano.a(lib_a-memcpy-stub.o)
                              Src/bitDecode.o (memcpy)
c:/ac6/systemworkbench_min/plugins/fr.ac6.mcu.externaltools.arm-none.win32_1.15.0.201708311556/tools/compiler/bin/../lib/gcc/arm-none-eabi/6.3.1/../../../../arm-none-eabi/lib/thumb/v7e-m/fpv4-sp/hard\libc_nano.a(lib_a-memset.o)
                              c:/ac6/systemworkbench_min/plugins/fr.ac6.mcu.externaltools.arm-none.win32_1.15.0.201708311556/tools/compiler/bin/../lib/gcc/arm-none-eabi/6.3.1/../../../../arm-none-eabi/lib/thumb/v7e-m/fpv4-sp/hard/crt0.o (memset)
c:/ac6/systemworkbench_min/plugins/fr.ac6.mcu.externaltools.arm-none.win32_1.15.0.201708311556/tools/compiler/bin/../lib/gcc/arm-none-eabi/6.3.1/../../../../arm-none-eabi/lib/thumb/v7e-m/fpv4-sp/hard\libc_nano.a(lib_a-sprintf.o)
                              Src/uartPrint.o (sprintf)
c:/ac6/systemworkbench_min/plugins/fr.ac6.mcu.externaltools.arm-none.win32_1.15.0.201708311556/tools/compiler/bin/../lib/gcc/arm-none-eabi/6.3.1/../../../../arm-none-eabi/lib/thumb/v7e-m/fpv4-sp/hard\libc_nano.a(lib_a-nano-svfprintf.o)
                              c:/ac6/systemworkbench_min/plugins/fr.ac6.mcu.externaltools.arm-none.win32_1.15.0.201708311556/tools/compiler/bin/../lib/gcc/arm-none-eabi/6.3.1/../../../../arm-none-eabi/lib/thumb/v7e-m/fpv4-sp/hard\libc_nano.a(lib_a-sprintf.o) (_svfprintf_r)
c:/ac6/systemworkbench_min/plugins/fr.ac6.mcu.externaltools.arm-none.win32_1.15.0.201708311556/tools/compiler/bin/../lib/gcc/arm-none-eabi/6.3.1/../../../../arm-none-eabi/lib/thumb/v7e-m/fpv4-sp/hard\libc_nano.a(lib_a-nano-vfprintf_i.o)
                              c:/ac6/systemworkbench_min/plugins/fr.ac6.mcu.externaltools.arm-none.win32_1.15.0.201708311556/tools/compiler/bin/../lib/gcc/arm-none-eabi/6.3.1/../../../../arm-none-eabi/lib/thumb/v7e-m/fpv4-sp/hard\libc_nano.a(lib_a-nano-svfprintf.o) (_printf_i)
c:/ac6/systemworkbench_min/plugins/fr.ac6.mcu.externaltools.arm-none.win32_1.15.0.201708311556/tools/compiler/bin/../lib/gcc/arm-none-eabi/6.3.1/../../../../arm-none-eabi/lib/thumb/v7e-m/fpv4-sp/hard\libc_nano.a(lib_a-memchr.o)
                              c:/ac6/systemworkbench_min/plugins/fr.ac6.mcu.externaltools.arm-none.win32_1.15.0.201708311556/tools/compiler/bin/../lib/gcc/arm-none-eabi/6.3.1/../../../../arm-none-eabi/lib/thumb/v7e-m/fpv4-sp/hard\libc_nano.a(lib_a-nano-svfprintf.o) (memchr)
c:/ac6/systemworkbench_min/plugins/fr.ac6.mcu.externaltools.arm-none.win32_1.15.0.201708311556/tools/compiler/bin/../lib/gcc/arm-none-eabi/6.3.1/../../../../arm-none-eabi/lib/thumb/v7e-m/fpv4-sp/hard\libc_nano.a(lib_a-memmove.o)
                              c:/ac6/systemworkbench_min/plugins/fr.ac6.mcu.externaltools.arm-none.win32_1.15.0.201708311556/tools/compiler/bin/../lib/gcc/arm-none-eabi/6.3.1/../../../../arm-none-eabi/lib/thumb/v7e-m/fpv4-sp/hard\libc_nano.a(lib_a-nano-svfprintf.o) (memmove)
c:/ac6/systemworkbench_min/plugins/fr.ac6.mcu.externaltools.arm-none.win32_1.15.0.201708311556/tools/compiler/bin/../lib/gcc/arm-none-eabi/6.3.1/../../../../arm-none-eabi/lib/thumb/v7e-m/fpv4-sp/hard\libc_nano.a(lib_a-nano-freer.o)
[...]
Memory Configuration

Name             Origin             Length             Attributes
RAM              0x20000000         0x00020000         xrw
FLASH            0x08000000         0x00080000         xr
*default*        0x00000000         0xffffffff

Linker script and memory map

LOAD c:/ac6/systemworkbench_min/plugins/fr.ac6.mcu.externaltools.arm-none.win32_1.15.0.201708311556/tools/compiler/bin/../lib/gcc/arm-none-eabi/6.3.1/thumb/v7e-m/fpv4-sp/hard/crti.o
LOAD c:/ac6/systemworkbench_min/plugins/fr.ac6.mcu.externaltools.arm-none.win32_1.15.0.201708311556/tools/compiler/bin/../lib/gcc/arm-none-eabi/6.3.1/thumb/v7e-m/fpv4-sp/hard/crtbegin.o
LOAD c:/ac6/systemworkbench_min/plugins/fr.ac6.mcu.externaltools.arm-none.win32_1.15.0.201708311556/tools/compiler/bin/../lib/gcc/arm-none-eabi/6.3.1/../../../../arm-none-eabi/lib/thumb/v7e-m/fpv4-sp/hard/crt0.o
LOAD Drivers/STM32F4xx_HAL_Driver/Src/stm32f4xx_hal.o
LOAD Drivers/STM32F4xx_HAL_Driver/Src/stm32f4xx_hal_cortex.o
LOAD Drivers/STM32F4xx_HAL_Driver/Src/stm32f4xx_hal_dma.o
LOAD Drivers/STM32F4xx_HAL_Driver/Src/stm32f4xx_hal_dma_ex.o
LOAD Drivers/STM32F4xx_HAL_Driver/Src/stm32f4xx_hal_flash.o
LOAD Drivers/STM32F4xx_HAL_Driver/Src/stm32f4xx_hal_flash_ex.o
LOAD Drivers/STM32F4xx_HAL_Driver/Src/stm32f4xx_hal_flash_ramfunc.o
LOAD Drivers/STM32F4xx_HAL_Driver/Src/stm32f4xx_hal_gpio.o
LOAD Drivers/STM32F4xx_HAL_Driver/Src/stm32f4xx_hal_pwr.o
LOAD Drivers/STM32F4xx_HAL_Driver/Src/stm32f4xx_hal_pwr_ex.o
LOAD Drivers/STM32F4xx_HAL_Driver/Src/stm32f4xx_hal_rcc.o
LOAD Drivers/STM32F4xx_HAL_Driver/Src/stm32f4xx_hal_rcc_ex.o
LOAD Drivers/STM32F4xx_HAL_Driver/Src/stm32f4xx_hal_spi.o
LOAD Drivers/STM32F4xx_HAL_Driver/Src/stm32f4xx_hal_tim.o
LOAD Drivers/STM32F4xx_HAL_Driver/Src/stm32f4xx_hal_tim_ex.o
LOAD Drivers/STM32F4xx_HAL_Driver/Src/stm32f4xx_hal_uart.o
LOAD Src/ad5641.o
LOAD Src/adf4159.o
LOAD Src/bgt24mtr11.o
LOAD Src/bitDecode.o
LOAD Src/fsk_crc16.o
LOAD Src/main.o
LOAD Src/microsec_delay.o
LOAD Src/rs232_menu.o
LOAD Src/stm32f4xx_hal_msp.o
LOAD Src/stm32f4xx_it.o
LOAD Src/system_stm32f4xx.o
LOAD Src/uartPrint.o
LOAD startup/startup_stm32f446xx.o
LOAD c:/ac6/systemworkbench_min/plugins/fr.ac6.mcu.externaltools.arm-none.win32_1.15.0.201708311556/tools/compiler/bin/../lib/gcc/arm-none-eabi/6.3.1/../../../../arm-none-eabi/lib/thumb/v7e-m/fpv4-sp/hard\libm.a
START GROUP
LOAD c:/ac6/systemworkbench_min/plugins/fr.ac6.mcu.externaltools.arm-none.win32_1.15.0.201708311556/tools/compiler/bin/../lib/gcc/arm-none-eabi/6.3.1/thumb/v7e-m/fpv4-sp/hard\libgcc.a
LOAD c:/ac6/systemworkbench_min/plugins/fr.ac6.mcu.externaltools.arm-none.win32_1.15.0.201708311556/tools/compiler/bin/../lib/gcc/arm-none-eabi/6.3.1/../../../../arm-none-eabi/lib/thumb/v7e-m/fpv4-sp/hard\libc_nano.a
END GROUP
START GROUP
LOAD c:/ac6/systemworkbench_min/plugins/fr.ac6.mcu.externaltools.arm-none.win32_1.15.0.201708311556/tools/compiler/bin/../lib/gcc/arm-none-eabi/6.3.1/thumb/v7e-m/fpv4-sp/hard\libgcc.a
LOAD c:/ac6/systemworkbench_min/plugins/fr.ac6.mcu.externaltools.arm-none.win32_1.15.0.201708311556/tools/compiler/bin/../lib/gcc/arm-none-eabi/6.3.1/../../../../arm-none-eabi/lib/thumb/v7e-m/fpv4-sp/hard\libc_nano.a
LOAD c:/ac6/systemworkbench_min/plugins/fr.ac6.mcu.externaltools.arm-none.win32_1.15.0.201708311556/tools/compiler/bin/../lib/gcc/arm-none-eabi/6.3.1/../../../../arm-none-eabi/lib/thumb/v7e-m/fpv4-sp/hard\libnosys.a
END GROUP
START GROUP
LOAD c:/ac6/systemworkbench_min/plugins/fr.ac6.mcu.externaltools.arm-none.win32_1.15.0.201708311556/tools/compiler/bin/../lib/gcc/arm-none-eabi/6.3.1/thumb/v7e-m/fpv4-sp/hard\libgcc.a
LOAD c:/ac6/systemworkbench_min/plugins/fr.ac6.mcu.externaltools.arm-none.win32_1.15.0.201708311556/tools/compiler/bin/../lib/gcc/arm-none-eabi/6.3.1/../../../../arm-none-eabi/lib/thumb/v7e-m/fpv4-sp/hard\libc_nano.a
LOAD c:/ac6/systemworkbench_min/plugins/fr.ac6.mcu.externaltools.arm-none.win32_1.15.0.201708311556/tools/compiler/bin/../lib/gcc/arm-none-eabi/6.3.1/../../../../arm-none-eabi/lib/thumb/v7e-m/fpv4-sp/hard\libnosys.a
END GROUP
LOAD c:/ac6/systemworkbench_min/plugins/fr.ac6.mcu.externaltools.arm-none.win32_1.15.0.201708311556/tools/compiler/bin/../lib/gcc/arm-none-eabi/6.3.1/thumb/v7e-m/fpv4-sp/hard/crtend.o
LOAD c:/ac6/systemworkbench_min/plugins/fr.ac6.mcu.externaltools.arm-none.win32_1.15.0.201708311556/tools/compiler/bin/../lib/gcc/arm-none-eabi/6.3.1/thumb/v7e-m/fpv4-sp/hard/crtn.o
                0x20020000                _estack = 0x20020000
                0x00000200                _Min_Heap_Size = 0x200
                0x00000400                _Min_Stack_Size = 0x400

.isr_vector     0x08000000      0x1c4
                0x08000000                . = ALIGN (0x4)
 *(.isr_vector)
 .isr_vector    0x08000000      0x1c4 startup/startup_stm32f446xx.o
                0x08000000                g_pfnVectors
                0x080001c4                . = ALIGN (0x4)

.text           0x080001d0     0x3d5c
                0x080001d0                . = ALIGN (0x4)
 *(.text)
 .text          0x080001d0       0x6c c:/ac6/systemworkbench_min/plugins/fr.ac6.mcu.externaltools.arm-none.win32_1.15.0.201708311556/tools/compiler/bin/../lib/gcc/arm-none-eabi/6.3.1/thumb/v7e-m/fpv4-sp/hard/crtbegin.o
 *fill*         0x0800023c        0x4 
 .text          0x08000240       0xa0 c:/ac6/systemworkbench_min/plugins/fr.ac6.mcu.externaltools.arm-none.win32_1.15.0.201708311556/tools/compiler/bin/../lib/gcc/arm-none-eabi/6.3.1/../../../../arm-none-eabi/lib/thumb/v7e-m/fpv4-sp/hard\libc_nano.a(lib_a-memchr.o)
                0x08000240                memchr
 *(.text*)
 .text.HAL_InitTick
                0x080002e0       0x2c Drivers/STM32F4xx_HAL_Driver/Src/stm32f4xx_hal.o
                0x080002e0                HAL_InitTick
 .text.HAL_Init
                0x0800030c       0x34 Drivers/STM32F4xx_HAL_Driver/Src/stm32f4xx_hal.o
                0x0800030c                HAL_Init
 .text.HAL_IncTick
                0x08000340       0x10 Drivers/STM32F4xx_HAL_Driver/Src/stm32f4xx_hal.o
                0x08000340                HAL_IncTick
 .text.HAL_GetTick
                0x08000350        0xc Drivers/STM32F4xx_HAL_Driver/Src/stm32f4xx_hal.o
                0x08000350                HAL_GetTick
 .text.HAL_NVIC_SetPriorityGrouping
                0x0800035c       0x24 Drivers/STM32F4xx_HAL_Driver/Src/stm32f4xx_hal_cortex.o
                0x0800035c                HAL_NVIC_SetPriorityGrouping
 .text.HAL_NVIC_SetPriority
                0x08000380       0x64 Drivers/STM32F4xx_HAL_Driver/Src/stm32f4xx_hal_cortex.o
                0x08000380                HAL_NVIC_SetPriority
 .text.HAL_NVIC_EnableIRQ
                0x080003e4       0x18 Drivers/STM32F4xx_HAL_Driver/Src/stm32f4xx_hal_cortex.o
                0x080003e4                HAL_NVIC_EnableIRQ
 .text.HAL_SYSTICK_Config
                0x080003fc       0x2c Drivers/STM32F4xx_HAL_Driver/Src/stm32f4xx_hal_cortex.o
                0x080003fc                HAL_SYSTICK_Config
 .text.HAL_SYSTICK_CLKSourceConfig
                0x08000428       0x20 Drivers/STM32F4xx_HAL_Driver/Src/stm32f4xx_hal_cortex.o
                0x08000428                HAL_SYSTICK_CLKSourceConfig
 .text.HAL_SYSTICK_Callback
                0x08000448        0x2 Drivers/STM32F4xx_HAL_Driver/Src/stm32f4xx_hal_cortex.o
                0x08000448                HAL_SYSTICK_Callback
 .text.HAL_SYSTICK_IRQHandler
                0x0800044a        0x8 Drivers/STM32F4xx_HAL_Driver/Src/stm32f4xx_hal_cortex.o
                0x0800044a                HAL_SYSTICK_IRQHandler
 .text.HAL_DMA_Abort_IT
                0x08000452       0x26 Drivers/STM32F4xx_HAL_Driver/Src/stm32f4xx_hal_dma.o
                0x08000452                HAL_DMA_Abort_IT
 .text.HAL_GPIO_Init
                0x08000478      0x1c4 Drivers/STM32F4xx_HAL_Driver/Src/stm32f4xx_hal_gpio.o
                0x08000478                HAL_GPIO_Init
 .text.HAL_GPIO_WritePin
                0x0800063c        0xc Drivers/STM32F4xx_HAL_Driver/Src/stm32f4xx_hal_gpio.o
                0x0800063c                HAL_GPIO_WritePin
 .text.HAL_RCC_ClockConfig
                0x08000648      0x19c Drivers/STM32F4xx_HAL_Driver/Src/stm32f4xx_hal_rcc.o
                0x08000648                HAL_RCC_ClockConfig
 .text.HAL_RCC_GetHCLKFreq
                0x080007e4        0xc Drivers/STM32F4xx_HAL_Driver/Src/stm32f4xx_hal_rcc.o
                0x080007e4                HAL_RCC_GetHCLKFreq
 .text.HAL_RCC_GetPCLK1Freq
                0x080007f0       0x2c Drivers/STM32F4xx_HAL_Driver/Src/stm32f4xx_hal_rcc.o
                0x080007f0                HAL_RCC_GetPCLK1Freq
 .text.HAL_RCC_GetPCLK2Freq
                0x0800081c       0x2c Drivers/STM32F4xx_HAL_Driver/Src/stm32f4xx_hal_rcc.o
                0x0800081c                HAL_RCC_GetPCLK2Freq
 .text.HAL_RCC_GetSysClockFreq
                0x08000848      0x100 Drivers/STM32F4xx_HAL_Driver/Src/stm32f4xx_hal_rcc_ex.o
                0x08000848                HAL_RCC_GetSysClockFreq
 .text.HAL_RCC_OscConfig
                0x08000948      0x3f4 Drivers/STM32F4xx_HAL_Driver/Src/stm32f4xx_hal_rcc_ex.o
                0x08000948                HAL_RCC_OscConfig
 .text.SPI_WaitFlagStateUntilTimeout
                0x08000d3c       0x96 Drivers/STM32F4xx_HAL_Driver/Src/stm32f4xx_hal_spi.o
 .text.SPI_CheckFlag_BSY
                0x08000dd2       0x26 Drivers/STM32F4xx_HAL_Driver/Src/stm32f4xx_hal_spi.o
 .text.HAL_SPI_Init
                0x08000df8       0x80 Drivers/STM32F4xx_HAL_Driver/Src/stm32f4xx_hal_spi.o
                0x08000df8                HAL_SPI_Init
 .text.HAL_SPI_Transmit
                0x08000e78      0x1ac Drivers/STM32F4xx_HAL_Driver/Src/stm32f4xx_hal_spi.o
                0x08000e78                HAL_SPI_Transmit
 .text.TIM_OC1_SetConfig
                0x08001024       0x64 Drivers/STM32F4xx_HAL_Driver/Src/stm32f4xx_hal_tim.o
 .text.TIM_OC3_SetConfig
                0x08001088       0x6c Drivers/STM32F4xx_HAL_Driver/Src/stm32f4xx_hal_tim.o
 .text.TIM_OC4_SetConfig
                0x080010f4       0x5c Drivers/STM32F4xx_HAL_Driver/Src/stm32f4xx_hal_tim.o
 .text.TIM_TI1_ConfigInputStage
                0x08001150       0x26 Drivers/STM32F4xx_HAL_Driver/Src/stm32f4xx_hal_tim.o
 .text.TIM_TI2_SetConfig
                0x08001176       0x34 Drivers/STM32F4xx_HAL_Driver/Src/stm32f4xx_hal_tim.o
 .text.TIM_TI2_ConfigInputStage
                0x080011aa       0x28 Drivers/STM32F4xx_HAL_Driver/Src/stm32f4xx_hal_tim.o
 .text.TIM_TI3_SetConfig
                0x080011d2       0x32 Drivers/STM32F4xx_HAL_Driver/Src/stm32f4xx_hal_tim.o
 .text.TIM_TI4_SetConfig
                0x08001204       0x34 Drivers/STM32F4xx_HAL_Driver/Src/stm32f4xx_hal_tim.o
 .text.TIM_ITRx_SetConfig
                0x08001238       0x10 Drivers/STM32F4xx_HAL_Driver/Src/stm32f4xx_hal_tim.o
 .text.TIM_ETR_SetConfig
                0x08001248       0x18 Drivers/STM32F4xx_HAL_Driver/Src/stm32f4xx_hal_tim.o
 .text.TIM_SlaveTimer_SetConfig
                0x08001260       0x76 Drivers/STM32F4xx_HAL_Driver/Src/stm32f4xx_hal_tim.o
 .text.HAL_TIM_Base_Start
                0x080012d6       0x1a Drivers/STM32F4xx_HAL_Driver/Src/stm32f4xx_hal_tim.o
                0x080012d6                HAL_TIM_Base_Start
 .text.HAL_TIM_OC_MspInit
                0x080012f0        0x2 Drivers/STM32F4xx_HAL_Driver/Src/stm32f4xx_hal_tim.o
                0x080012f0                HAL_TIM_OC_MspInit
 .text.HAL_TIM_IC_MspInit
                0x080012f2        0x2 Drivers/STM32F4xx_HAL_Driver/Src/stm32f4xx_hal_tim.o
                0x080012f2                HAL_TIM_IC_MspInit
 .text.HAL_TIM_ConfigClockSource
                0x080012f4      0x108 Drivers/STM32F4xx_HAL_Driver/Src/stm32f4xx_hal_tim.o
                0x080012f4                HAL_TIM_ConfigClockSource
 .text.HAL_TIM_SlaveConfigSynchronization
                0x080013fc       0x40 Drivers/STM32F4xx_HAL_Driver/Src/stm32f4xx_hal_tim.o
                0x080013fc                HAL_TIM_SlaveConfigSynchronization
 .text.HAL_TIM_ReadCapturedValue
                0x0800143c       0x4c Drivers/STM32F4xx_HAL_Driver/Src/stm32f4xx_hal_tim.o
                0x0800143c                HAL_TIM_ReadCapturedValue
 .text.HAL_TIM_PeriodElapsedCallback
                0x08001488        0x2 Drivers/STM32F4xx_HAL_Driver/Src/stm32f4xx_hal_tim.o
                0x08001488                HAL_TIM_PeriodElapsedCallback
 .text.HAL_TIM_PWM_PulseFinishedCallback
                0x0800148a        0x2 Drivers/STM32F4xx_HAL_Driver/Src/stm32f4xx_hal_tim.o
                0x0800148a                HAL_TIM_PWM_PulseFinishedCallback
 .text.HAL_TIM_TriggerCallback
                0x0800148c        0x2 Drivers/STM32F4xx_HAL_Driver/Src/stm32f4xx_hal_tim.o
                0x0800148c                HAL_TIM_TriggerCallback
 .text.HAL_TIM_IRQHandler
                0x0800148e      0x17a Drivers/STM32F4xx_HAL_Driver/Src/stm32f4xx_hal_tim.o
                0x0800148e                HAL_TIM_IRQHandler
 .text.TIM_Base_SetConfig
                0x08001608      0x11c Drivers/STM32F4xx_HAL_Driver/Src/stm32f4xx_hal_tim.o
                0x08001608                TIM_Base_SetConfig
 .text.HAL_TIM_Base_Init
                0x08001724       0x32 Drivers/STM32F4xx_HAL_Driver/Src/stm32f4xx_hal_tim.o
                0x08001724                HAL_TIM_Base_Init
 .text.HAL_TIM_OC_Init
                0x08001756       0x32 Drivers/STM32F4xx_HAL_Driver/Src/stm32f4xx_hal_tim.o
                0x08001756                HAL_TIM_OC_Init
 .text.HAL_TIM_IC_Init
                0x08001788       0x32 Drivers/STM32F4xx_HAL_Driver/Src/stm32f4xx_hal_tim.o
                0x08001788                HAL_TIM_IC_Init
 *fill*         0x080017ba        0x2 
 .text.TIM_TI1_SetConfig
                0x080017bc       0xa0 Drivers/STM32F4xx_HAL_Driver/Src/stm32f4xx_hal_tim.o
                0x080017bc                TIM_TI1_SetConfig
 .text.HAL_TIM_IC_ConfigChannel
                0x0800185c       0xc0 Drivers/STM32F4xx_HAL_Driver/Src/stm32f4xx_hal_tim.o
                0x0800185c                HAL_TIM_IC_ConfigChannel
 .text.TIM_OC2_SetConfig
                0x0800191c       0x70 Drivers/STM32F4xx_HAL_Driver/Src/stm32f4xx_hal_tim.o
                0x0800191c                TIM_OC2_SetConfig
 .text.HAL_TIM_OC_ConfigChannel
                0x0800198c       0x5e Drivers/STM32F4xx_HAL_Driver/Src/stm32f4xx_hal_tim.o
                0x0800198c                HAL_TIM_OC_ConfigChannel
 .text.TIM_CCxChannelCmd
                0x080019ea       0x1e Drivers/STM32F4xx_HAL_Driver/Src/stm32f4xx_hal_tim.o
                0x080019ea                TIM_CCxChannelCmd
 .text.HAL_TIM_OC_Start_IT
                0x08001a08       0x88 Drivers/STM32F4xx_HAL_Driver/Src/stm32f4xx_hal_tim.o
                0x08001a08                HAL_TIM_OC_Start_IT
 .text.HAL_TIM_PWM_Start_IT
                0x08001a90       0x88 Drivers/STM32F4xx_HAL_Driver/Src/stm32f4xx_hal_tim.o
                0x08001a90                HAL_TIM_PWM_Start_IT
 .text.HAL_TIMEx_MasterConfigSynchronization
                0x08001b18       0x52 Drivers/STM32F4xx_HAL_Driver/Src/stm32f4xx_hal_tim_ex.o
                0x08001b18                HAL_TIMEx_MasterConfigSynchronization
 .text.HAL_TIMEx_CommutationCallback
                0x08001b6a        0x2 Drivers/STM32F4xx_HAL_Driver/Src/stm32f4xx_hal_tim_ex.o
                0x08001b6a                HAL_TIMEx_CommutationCallback
 .text.HAL_TIMEx_BreakCallback
                0x08001b6c        0x2 Drivers/STM32F4xx_HAL_Driver/Src/stm32f4xx_hal_tim_ex.o
                0x08001b6c                HAL_TIMEx_BreakCallback
 .text.UART_EndRxTransfer
                0x08001b6e       0x1c Drivers/STM32F4xx_HAL_Driver/Src/stm32f4xx_hal_uart.o
 .text.UART_Transmit_IT
                0x08001b8a       0x6a Drivers/STM32F4xx_HAL_Driver/Src/stm32f4xx_hal_uart.o
 .text.UART_SetConfig
                0x08001bf4      0x344 Drivers/STM32F4xx_HAL_Driver/Src/stm32f4xx_hal_uart.o
 .text.UART_WaitOnFlagUntilTimeout
                0x08001f38       0x64 Drivers/STM32F4xx_HAL_Driver/Src/stm32f4xx_hal_uart.o
 .text.HAL_UART_Init
                0x08001f9c       0x5e Drivers/STM32F4xx_HAL_Driver/Src/stm32f4xx_hal_uart.o
                0x08001f9c                HAL_UART_Init
 .text.HAL_UART_Transmit
                0x08001ffa       0xe2 Drivers/STM32F4xx_HAL_Driver/Src/stm32f4xx_hal_uart.o
                0x08001ffa                HAL_UART_Transmit
 .text.HAL_UART_Receive_IT
                0x080020dc       0x52 Drivers/STM32F4xx_HAL_Driver/Src/stm32f4xx_hal_uart.o
                0x080020dc                HAL_UART_Receive_IT
 .text.HAL_UART_TxCpltCallback
                0x0800212e        0x2 Drivers/STM32F4xx_HAL_Driver/Src/stm32f4xx_hal_uart.o
                0x0800212e                HAL_UART_TxCpltCallback
 .text.UART_EndTransmit_IT
                0x08002130       0x1a Drivers/STM32F4xx_HAL_Driver/Src/stm32f4xx_hal_uart.o
 .text.UART_Receive_IT
                0x0800214a       0x94 Drivers/STM32F4xx_HAL_Driver/Src/stm32f4xx_hal_uart.o
 .text.HAL_UART_ErrorCallback
                0x080021de        0x2 Drivers/STM32F4xx_HAL_Driver/Src/stm32f4xx_hal_uart.o
                0x080021de                HAL_UART_ErrorCallback
 .text.HAL_UART_IRQHandler
                0x080021e0      0x120 Drivers/STM32F4xx_HAL_Driver/Src/stm32f4xx_hal_uart.o
                0x080021e0                HAL_UART_IRQHandler
 .text.UART_DMAAbortOnError
                0x08002300       0x10 Drivers/STM32F4xx_HAL_Driver/Src/stm32f4xx_hal_uart.o
 .text.Spi3DacTran
                0x08002310       0x34 Src/ad5641.o
                0x08002310                Spi3DacTran
 .text.dacInit  0x08002344       0x14 Src/ad5641.o
                0x08002344                dacInit
 .text.dacAddition
                0x08002358       0x38 Src/ad5641.o
                0x08002358                dacAddition
 .text.dacSubtraction
                0x08002390       0x38 Src/ad5641.o
                0x08002390                dacSubtraction
 .text.dacMultiplication
                0x080023c8       0x38 Src/ad5641.o
                0x080023c8                dacMultiplication
 .text.dacDivision
                0x08002400       0x1c Src/ad5641.o
                0x08002400                dacDivision
 .text.turnDacUp
                0x0800241c       0x30 Src/ad5641.o
                0x0800241c                turnDacUp
 .text.turnDacDown
                0x0800244c       0x30 Src/ad5641.o
                0x0800244c                turnDacDown
 .text.Spi1Adf4159Tran
                0x0800247c       0x34 Src/adf4159.o
                0x0800247c                Spi1Adf4159Tran
 .text.adf4159Spi1Tx
                0x080024b0       0x24 Src/adf4159.o
                0x080024b0                adf4159Spi1Tx
 .text.adf4159Init
                0x080024d4       0xa4 Src/adf4159.o
                0x080024d4                adf4159Init
 .text.adf4159RampOn
                0x08002578       0x9c Src/adf4159.o
                0x08002578                adf4159RampOn
 .text.bgt24PowerUp
                0x08002614       0x38 Src/bgt24mtr11.o
                0x08002614                bgt24PowerUp
 .text.bgt24PowerDown
                0x0800264c       0x38 Src/bgt24mtr11.o
                0x0800264c                bgt24PowerDown
 .text.Spi1Bgt24Tran
                0x08002684       0x34 Src/bgt24mtr11.o
                0x08002684                Spi1Bgt24Tran
 .text.bgt24Init
                0x080026b8        0xc Src/bgt24mtr11.o
                0x080026b8                bgt24Init
 .text.bitsDecode
                0x080026c4       0x3c Src/bitDecode.o
                0x080026c4                bitsDecode
 .text.MX_GPIO_Init
                0x08002700       0xf8 Src/main.o
 .text.HAL_UART_RxCpltCallback
                0x080027f8       0x1c Src/main.o
                0x080027f8                HAL_UART_RxCpltCallback
 .text.HAL_TIM_OC_DelayElapsedCallback
                0x08002814       0x7c Src/main.o
                0x08002814                HAL_TIM_OC_DelayElapsedCallback
 .text.HAL_TIM_IC_CaptureCallback
                0x08002890      0x2f0 Src/main.o
                0x08002890                HAL_TIM_IC_CaptureCallback
 .text._Error_Handler
                0x08002b80        0x2 Src/main.o
                0x08002b80                _Error_Handler
 *fill*         0x08002b82        0x2 
 .text.MX_USART1_UART_Init
                0x08002b84       0x3c Src/main.o
 .text.MX_SPI3_Init
                0x08002bc0       0x54 Src/main.o
 .text.MX_TIM8_Init
                0x08002c14       0xf4 Src/main.o
 .text.MX_TIM5_Init
                0x08002d08       0x90 Src/main.o
 .text.MX_TIM2_Init
                0x08002d98       0xb0 Src/main.o
 .text.SystemClock_Config
                0x08002e48       0xc8 Src/main.o
                0x08002e48                SystemClock_Config
 .text.main     0x08002f10       0x58 Src/main.o
                0x08002f10                main
 .text.MX_SPI1_ADF4159_Init
                0x08002f68       0x54 Src/main.o
                0x08002f68                MX_SPI1_ADF4159_Init
 .text.MX_SPI1_BGT24_Init
                0x08002fbc       0x54 Src/main.o
                0x08002fbc                MX_SPI1_BGT24_Init
 .text.hfBoardMenuExcution
                0x08003010       0xb8 Src/rs232_menu.o
 .text.mainMenuExcution
                0x080030c8       0x88 Src/rs232_menu.o
 .text.ad5641MenuExcution
                0x08003150       0xc8 Src/rs232_menu.o
 .text.rs232_menu
                0x08003218       0x10 Src/rs232_menu.o
                0x08003218                rs232_menu
 .text.HAL_MspInit
                0x08003228       0x5e Src/stm32f4xx_hal_msp.o
                0x08003228                HAL_MspInit
 *fill*         0x08003286        0x2 
 .text.HAL_SPI_MspInit
                0x08003288       0x98 Src/stm32f4xx_hal_msp.o
                0x08003288                HAL_SPI_MspInit
 .text.HAL_TIM_Base_MspInit
                0x08003320       0xd0 Src/stm32f4xx_hal_msp.o
                0x08003320                HAL_TIM_Base_MspInit
 .text.HAL_UART_MspInit
                0x080033f0       0x64 Src/stm32f4xx_hal_msp.o
                0x080033f0                HAL_UART_MspInit
 .text.NMI_Handler
                0x08003454        0x2 Src/stm32f4xx_it.o
                0x08003454                NMI_Handler
 .text.HardFault_Handler
                0x08003456        0x2 Src/stm32f4xx_it.o
                0x08003456                HardFault_Handler
 .text.MemManage_Handler
                0x08003458        0x2 Src/stm32f4xx_it.o
                0x08003458                MemManage_Handler
 .text.BusFault_Handler
                0x0800345a        0x2 Src/stm32f4xx_it.o
                0x0800345a                BusFault_Handler
 .text.UsageFault_Handler
                0x0800345c        0x2 Src/stm32f4xx_it.o
                0x0800345c                UsageFault_Handler
 .text.SVC_Handler
                0x0800345e        0x2 Src/stm32f4xx_it.o
                0x0800345e                SVC_Handler
 .text.DebugMon_Handler
                0x08003460        0x2 Src/stm32f4xx_it.o
                0x08003460                DebugMon_Handler
 .text.PendSV_Handler
                0x08003462        0x2 Src/stm32f4xx_it.o
                0x08003462                PendSV_Handler
 .text.SysTick_Handler
                0x08003464        0xc Src/stm32f4xx_it.o
                0x08003464                SysTick_Handler
 .text.TIM2_IRQHandler
                0x08003470       0x10 Src/stm32f4xx_it.o
                0x08003470                TIM2_IRQHandler
 .text.USART1_IRQHandler
                0x08003480       0x10 Src/stm32f4xx_it.o
                0x08003480                USART1_IRQHandler
 .text.TIM8_CC_IRQHandler
                0x08003490       0x10 Src/stm32f4xx_it.o
                0x08003490                TIM8_CC_IRQHandler
 .text.SystemInit
                0x080034a0       0x4c Src/system_stm32f4xx.o
                0x080034a0                SystemInit
 .text.uartPrintEnter
                0x080034ec       0x30 Src/uartPrint.o
                0x080034ec                uartPrintEnter
 .text.uartPrintString
                0x0800351c       0x2c Src/uartPrint.o
                0x0800351c                uartPrintString
 .text.uartPrintMenu
                0x08003548       0x34 Src/uartPrint.o
                0x08003548                uartPrintMenu
 .text.uartPrintMenuOption
                0x0800357c       0x3c Src/uartPrint.o
                0x0800357c                uartPrintMenuOption
 .text.uartPrintNumber
                0x080035b8       0x34 Src/uartPrint.o
                0x080035b8                uartPrintNumber
 .text.uartPrintDacValue
                0x080035ec       0x34 Src/uartPrint.o
                0x080035ec                uartPrintDacValue
 .text.Reset_Handler
                0x08003620       0x50 startup/startup_stm32f446xx.o
                0x08003620                Reset_Handler
 .text.Default_Handler
                0x08003670        0x2 startup/startup_stm32f446xx.o
                0x08003670                RTC_Alarm_IRQHandler
                0x08003670                EXTI2_IRQHandler
                0x08003670                SPI4_IRQHandler
                0x08003670                TIM1_CC_IRQHandler
                0x08003670                DMA2_Stream5_IRQHandler
                0x08003670                DMA1_Stream5_IRQHandler
                0x08003670                PVD_IRQHandler
                0x08003670                SDIO_IRQHandler
                0x08003670                TAMP_STAMP_IRQHandler
                0x08003670                CAN2_RX1_IRQHandler
                0x08003670                EXTI3_IRQHandler
                0x08003670                TIM8_TRG_COM_TIM14_IRQHandler
                0x08003670                TIM1_UP_TIM10_IRQHandler
                0x08003670                TIM8_UP_TIM13_IRQHandler
                0x08003670                I2C3_ER_IRQHandler
                0x08003670                FMPI2C1_Event_IRQHandler
                0x08003670                EXTI0_IRQHandler
                0x08003670                I2C2_EV_IRQHandler
                0x08003670                DMA1_Stream2_IRQHandler
                0x08003670                CAN1_RX0_IRQHandler
                0x08003670                FPU_IRQHandler
                0x08003670                OTG_HS_WKUP_IRQHandler
                0x08003670                CAN2_SCE_IRQHandler
                0x08003670                DMA2_Stream2_IRQHandler
                0x08003670                SPI1_IRQHandler
                0x08003670                TIM6_DAC_IRQHandler
                0x08003670                TIM1_BRK_TIM9_IRQHandler
                0x08003670                DCMI_IRQHandler
                0x08003670                CAN2_RX0_IRQHandler
                0x08003670                DMA2_Stream3_IRQHandler
                0x08003670                SAI2_IRQHandler
                0x08003670                USART6_IRQHandler
                0x08003670                USART3_IRQHandler
                0x08003670                CAN1_RX1_IRQHandler
                0x08003670                UART5_IRQHandler
                0x08003670                DMA2_Stream0_IRQHandler
                0x08003670                TIM4_IRQHandler
                0x08003670                QUADSPI_IRQHandler
                0x08003670                I2C1_EV_IRQHandler
                0x08003670                DMA1_Stream6_IRQHandler
                0x08003670                DMA1_Stream1_IRQHandler
                0x08003670                UART4_IRQHandler
                0x08003670                TIM3_IRQHandler
                0x08003670                RCC_IRQHandler
                0x08003670                TIM8_BRK_TIM12_IRQHandler
                0x08003670                Default_Handler
                0x08003670                CEC_IRQHandler
                0x08003670                EXTI15_10_IRQHandler
                0x08003670                ADC_IRQHandler
                0x08003670                DMA1_Stream7_IRQHandler
                0x08003670                TIM7_IRQHandler
                0x08003670                CAN2_TX_IRQHandler
                0x08003670                TIM5_IRQHandler
                0x08003670                DMA2_Stream7_IRQHandler
                0x08003670                I2C3_EV_IRQHandler
                0x08003670                EXTI9_5_IRQHandler
                0x08003670                RTC_WKUP_IRQHandler
                0x08003670                SPDIF_RX_IRQHandler
                0x08003670                SPI2_IRQHandler
                0x08003670                OTG_HS_EP1_IN_IRQHandler
                0x08003670                DMA1_Stream0_IRQHandler
                0x08003670                CAN1_TX_IRQHandler
                0x08003670                EXTI4_IRQHandler
                0x08003670                OTG_HS_EP1_OUT_IRQHandler
                0x08003670                WWDG_IRQHandler
                0x08003670                OTG_FS_WKUP_IRQHandler
                0x08003670                TIM1_TRG_COM_TIM11_IRQHandler
                0x08003670                OTG_HS_IRQHandler
                0x08003670                EXTI1_IRQHandler
                0x08003670                USART2_IRQHandler
                0x08003670                I2C2_ER_IRQHandler
                0x08003670                DMA2_Stream1_IRQHandler
                0x08003670                CAN1_SCE_IRQHandler
                0x08003670                FLASH_IRQHandler
                0x08003670                DMA2_Stream4_IRQHandler
                0x08003670                OTG_FS_IRQHandler
                0x08003670                SPI3_IRQHandler
                0x08003670                DMA1_Stream4_IRQHandler
                0x08003670                I2C1_ER_IRQHandler
                0x08003670                FMC_IRQHandler
                0x08003670                DMA2_Stream6_IRQHandler
                0x08003670                SAI1_IRQHandler
                0x08003670                DMA1_Stream3_IRQHandler
                0x08003670                FMPI2C1_Error_IRQHandler
 *fill*         0x08003672        0x2 
 .text.__libc_init_array
                0x08003674       0x48 c:/ac6/systemworkbench_min/plugins/fr.ac6.mcu.externaltools.arm-none.win32_1.15.0.201708311556/tools/compiler/bin/../lib/gcc/arm-none-eabi/6.3.1/../../../../arm-none-eabi/lib/thumb/v7e-m/fpv4-sp/hard\libc_nano.a(lib_a-init.o)
                0x08003674                __libc_init_array
 .text.memcpy   0x080036bc       0x16 c:/ac6/systemworkbench_min/plugins/fr.ac6.mcu.externaltools.arm-none.win32_1.15.0.201708311556/tools/compiler/bin/../lib/gcc/arm-none-eabi/6.3.1/../../../../arm-none-eabi/lib/thumb/v7e-m/fpv4-sp/hard\libc_nano.a(lib_a-memcpy-stub.o)
                0x080036bc                memcpy
 *fill*         0x080036d2        0x2 
 .text.sprintf  0x080036d4       0x48 c:/ac6/systemworkbench_min/plugins/fr.ac6.mcu.externaltools.arm-none.win32_1.15.0.201708311556/tools/compiler/bin/../lib/gcc/arm-none-eabi/6.3.1/../../../../arm-none-eabi/lib/thumb/v7e-m/fpv4-sp/hard\libc_nano.a(lib_a-sprintf.o)
                0x080036d4                siprintf
                0x080036d4                sprintf
 .text.__ssputs_r
                0x0800371c       0xb6 c:/ac6/systemworkbench_min/plugins/fr.ac6.mcu.externaltools.arm-none.win32_1.15.0.201708311556/tools/compiler/bin/../lib/gcc/arm-none-eabi/6.3.1/../../../../arm-none-eabi/lib/thumb/v7e-m/fpv4-sp/hard\libc_nano.a(lib_a-nano-svfprintf.o)
                0x0800371c                __ssputs_r
 *fill*         0x080037d2        0x2 
 .text._svfprintf_r
                0x080037d4      0x1e8 c:/ac6/systemworkbench_min/plugins/fr.ac6.mcu.externaltools.arm-none.win32_1.15.0.201708311556/tools/compiler/bin/../lib/gcc/arm-none-eabi/6.3.1/../../../../arm-none-eabi/lib/thumb/v7e-m/fpv4-sp/hard\libc_nano.a(lib_a-nano-svfprintf.o)
                0x080037d4                _svfiprintf_r
                0x080037d4                _svfprintf_r
 .text._printf_common
                0x080039bc       0xec c:/ac6/systemworkbench_min/plugins/fr.ac6.mcu.externaltools.arm-none.win32_1.15.0.201708311556/tools/compiler/bin/../lib/gcc/arm-none-eabi/6.3.1/../../../../arm-none-eabi/lib/thumb/v7e-m/fpv4-sp/hard\libc_nano.a(lib_a-nano-vfprintf_i.o)
                0x080039bc                _printf_common
 .text._printf_i
                0x08003aa8      0x240 c:/ac6/systemworkbench_min/plugins/fr.ac6.mcu.externaltools.arm-none.win32_1.15.0.201708311556/tools/compiler/bin/../lib/gcc/arm-none-eabi/6.3.1/../../../../arm-none-eabi/lib/thumb/v7e-m/fpv4-sp/hard\libc_nano.a(lib_a-nano-vfprintf_i.o)
                0x08003aa8                _printf_i
 .text.memmove  0x08003ce8       0x34 c:/ac6/systemworkbench_min/plugins/fr.ac6.mcu.externaltools.arm-none.win32_1.15.0.201708311556/tools/compiler/bin/../lib/gcc/arm-none-eabi/6.3.1/../../../../arm-none-eabi/lib/thumb/v7e-m/fpv4-sp/hard\libc_nano.a(lib_a-memmove.o)
                0x08003ce8                memmove
 .text._free_r  0x08003d1c       0x9c c:/ac6/systemworkbench_min/plugins/fr.ac6.mcu.externaltools.arm-none.win32_1.15.0.201708311556/tools/compiler/bin/../lib/gcc/arm-none-eabi/6.3.1/../../../../arm-none-eabi/lib/thumb/v7e-m/fpv4-sp/hard\libc_nano.a(lib_a-nano-freer.o)
                0x08003d1c                _free_r
 .text._malloc_r
                0x08003db8       0xbc c:/ac6/systemworkbench_min/plugins/fr.ac6.mcu.externaltools.arm-none.win32_1.15.0.201708311556/tools/compiler/bin/../lib/gcc/arm-none-eabi/6.3.1/../../../../arm-none-eabi/lib/thumb/v7e-m/fpv4-sp/hard\libc_nano.a(lib_a-nano-mallocr.o)
                0x08003db8                _malloc_r
 .text._realloc_r
                0x08003e74       0x4c c:/ac6/systemworkbench_min/plugins/fr.ac6.mcu.externaltools.arm-none.win32_1.15.0.201708311556/tools/compiler/bin/../lib/gcc/arm-none-eabi/6.3.1/../../../../arm-none-eabi/lib/thumb/v7e-m/fpv4-sp/hard\libc_nano.a(lib_a-nano-reallocr.o)
                0x08003e74                _realloc_r
 .text._sbrk_r  0x08003ec0       0x20 c:/ac6/systemworkbench_min/plugins/fr.ac6.mcu.externaltools.arm-none.win32_1.15.0.201708311556/tools/compiler/bin/../lib/gcc/arm-none-eabi/6.3.1/../../../../arm-none-eabi/lib/thumb/v7e-m/fpv4-sp/hard\libc_nano.a(lib_a-sbrkr.o)
                0x08003ec0                _sbrk_r
 .text.__malloc_lock
                0x08003ee0        0x2 c:/ac6/systemworkbench_min/plugins/fr.ac6.mcu.externaltools.arm-none.win32_1.15.0.201708311556/tools/compiler/bin/../lib/gcc/arm-none-eabi/6.3.1/../../../../arm-none-eabi/lib/thumb/v7e-m/fpv4-sp/hard\libc_nano.a(lib_a-mlock.o)
                0x08003ee0                __malloc_lock
 .text.__malloc_unlock
                0x08003ee2        0x2 c:/ac6/systemworkbench_min/plugins/fr.ac6.mcu.externaltools.arm-none.win32_1.15.0.201708311556/tools/compiler/bin/../lib/gcc/arm-none-eabi/6.3.1/../../../../arm-none-eabi/lib/thumb/v7e-m/fpv4-sp/hard\libc_nano.a(lib_a-mlock.o)
                0x08003ee2                __malloc_unlock
 .text._malloc_usable_size_r
                0x08003ee4       0x12 c:/ac6/systemworkbench_min/plugins/fr.ac6.mcu.externaltools.arm-none.win32_1.15.0.201708311556/tools/compiler/bin/../lib/gcc/arm-none-eabi/6.3.1/../../../../arm-none-eabi/lib/thumb/v7e-m/fpv4-sp/hard\libc_nano.a(lib_a-nano-msizer.o)
                0x08003ee4                _malloc_usable_size_r
 *fill*         0x08003ef6        0x2 
 .text._sbrk    0x08003ef8       0x1c c:/ac6/systemworkbench_min/plugins/fr.ac6.mcu.externaltools.arm-none.win32_1.15.0.201708311556/tools/compiler/bin/../lib/gcc/arm-none-eabi/6.3.1/../../../../arm-none-eabi/lib/thumb/v7e-m/fpv4-sp/hard\libnosys.a(sbrk.o)
                0x08003ef8                _sbrk
 *(.glue_7)
 .glue_7        0x08003f14        0x0 linker stubs
 *(.glue_7t)
 .glue_7t       0x08003f14        0x0 linker stubs
 *(.eh_frame)
 .eh_frame      0x08003f14        0x0 c:/ac6/systemworkbench_min/plugins/fr.ac6.mcu.externaltools.arm-none.win32_1.15.0.201708311556/tools/compiler/bin/../lib/gcc/arm-none-eabi/6.3.1/thumb/v7e-m/fpv4-sp/hard/crtbegin.o
 *(.init)
 .init          0x08003f14        0x4 c:/ac6/systemworkbench_min/plugins/fr.ac6.mcu.externaltools.arm-none.win32_1.15.0.201708311556/tools/compiler/bin/../lib/gcc/arm-none-eabi/6.3.1/thumb/v7e-m/fpv4-sp/hard/crti.o
                0x08003f14                _init
 .init          0x08003f18        0x8 c:/ac6/systemworkbench_min/plugins/fr.ac6.mcu.externaltools.arm-none.win32_1.15.0.201708311556/tools/compiler/bin/../lib/gcc/arm-none-eabi/6.3.1/thumb/v7e-m/fpv4-sp/hard/crtn.o
 *(.fini)
 .fini          0x08003f20        0x4 c:/ac6/systemworkbench_min/plugins/fr.ac6.mcu.externaltools.arm-none.win32_1.15.0.201708311556/tools/compiler/bin/../lib/gcc/arm-none-eabi/6.3.1/thumb/v7e-m/fpv4-sp/hard/crti.o
                0x08003f20                _fini
 .fini          0x08003f24        0x8 c:/ac6/systemworkbench_min/plugins/fr.ac6.mcu.externaltools.arm-none.win32_1.15.0.201708311556/tools/compiler/bin/../lib/gcc/arm-none-eabi/6.3.1/thumb/v7e-m/fpv4-sp/hard/crtn.o
                0x08003f2c                . = ALIGN (0x4)
                0x08003f2c                _etext = .

.vfp11_veneer   0x08003f2c        0x0
 .vfp11_veneer  0x08003f2c        0x0 linker stubs

.v4_bx          0x08003f2c        0x0
 .v4_bx         0x08003f2c        0x0 linker stubs

.iplt           0x08003f2c        0x0
 .iplt          0x08003f2c        0x0 c:/ac6/systemworkbench_min/plugins/fr.ac6.mcu.externaltools.arm-none.win32_1.15.0.201708311556/tools/compiler/bin/../lib/gcc/arm-none-eabi/6.3.1/thumb/v7e-m/fpv4-sp/hard/crtbegin.o

.rodata         0x08003f2c      0x844
                0x08003f2c                . = ALIGN (0x4)
 *(.rodata)
 .rodata        0x08003f2c      0x6e0 Src/bitDecode.o
 .rodata        0x0800460c       0x18 Src/system_stm32f4xx.o
                0x0800460c                AHBPrescTable
                0x0800461c                APBPrescTable
 *(.rodata*)
 .rodata.str1.4
                0x08004624       0x10 Src/ad5641.o
 .rodata.str1.4
                0x08004634       0x3d Src/adf4159.o
 *fill*         0x08004671        0x3 
 .rodata.str1.4
                0x08004674        0xe Src/main.o
 *fill*         0x08004682        0x2 
 .rodata.str1.4
                0x08004684       0x83 Src/rs232_menu.o
 *fill*         0x08004707        0x1 
 .rodata.str1.4
                0x08004708       0x34 Src/uartPrint.o
                                 0x3a (size before relaxing)
 .rodata._svfprintf_r.str1.1
                0x0800473c       0x11 c:/ac6/systemworkbench_min/plugins/fr.ac6.mcu.externaltools.arm-none.win32_1.15.0.201708311556/tools/compiler/bin/../lib/gcc/arm-none-eabi/6.3.1/../../../../arm-none-eabi/lib/thumb/v7e-m/fpv4-sp/hard\libc_nano.a(lib_a-nano-svfprintf.o)
 .rodata._printf_i.str1.1
                0x0800474d       0x22 c:/ac6/systemworkbench_min/plugins/fr.ac6.mcu.externaltools.arm-none.win32_1.15.0.201708311556/tools/compiler/bin/../lib/gcc/arm-none-eabi/6.3.1/../../../../arm-none-eabi/lib/thumb/v7e-m/fpv4-sp/hard\libc_nano.a(lib_a-nano-vfprintf_i.o)
                0x08004770                . = ALIGN (0x4)
 *fill*         0x0800476f        0x1 

.rel.dyn        0x08004770        0x0
 .rel.iplt      0x08004770        0x0 c:/ac6/systemworkbench_min/plugins/fr.ac6.mcu.externaltools.arm-none.win32_1.15.0.201708311556/tools/compiler/bin/../lib/gcc/arm-none-eabi/6.3.1/thumb/v7e-m/fpv4-sp/hard/crtbegin.o

.ARM.extab
 *(.ARM.extab* .gnu.linkonce.armextab.*)

.ARM            0x08004770        0x0
                0x08004770                __exidx_start = .
 *(.ARM.exidx*)
                0x08004770                __exidx_end = .

.preinit_array  0x08004770        0x0
                0x08004770                PROVIDE (__preinit_array_start, .)
 *(.preinit_array*)
                0x08004770                PROVIDE (__preinit_array_end, .)

.init_array     0x08004770        0x4
                0x08004770                PROVIDE (__init_array_start, .)
 *(SORT(.init_array.*))
 *(.init_array*)
 .init_array    0x08004770        0x4 c:/ac6/systemworkbench_min/plugins/fr.ac6.mcu.externaltools.arm-none.win32_1.15.0.201708311556/tools/compiler/bin/../lib/gcc/arm-none-eabi/6.3.1/thumb/v7e-m/fpv4-sp/hard/crtbegin.o
                0x08004774                PROVIDE (__init_array_end, .)

.fini_array     0x08004774        0x4
                [!provide]                PROVIDE (__fini_array_start, .)
 *(SORT(.fini_array.*))
 *(.fini_array*)
 .fini_array    0x08004774        0x4 c:/ac6/systemworkbench_min/plugins/fr.ac6.mcu.externaltools.arm-none.win32_1.15.0.201708311556/tools/compiler/bin/../lib/gcc/arm-none-eabi/6.3.1/thumb/v7e-m/fpv4-sp/hard/crtbegin.o
                [!provide]                PROVIDE (__fini_array_end, .)
                0x08004778                _sidata = LOADADDR (.data)

.data           0x20000000      0x194 load address 0x08004778
                0x20000000                . = ALIGN (0x4)
                0x20000000                _sdata = .
 *(.data)
 .data          0x20000000        0x2 Src/ad5641.o
                0x20000000                spi3DataTx
 .data          0x20000002        0x6 Src/bgt24mtr11.o
                0x20000006                spi1DataTxBgt
 .data          0x20000008        0x2 Src/main.o
                0x20000008                delayFlag
                0x20000009                dataLength
 *fill*         0x2000000a        0x2 
 .data          0x2000000c      0x120 Src/rs232_menu.o
 .data          0x2000012c        0x4 Src/system_stm32f4xx.o
                0x2000012c                SystemCoreClock
 *(.data*)
 .data._impure_ptr
                0x20000130        0x4 c:/ac6/systemworkbench_min/plugins/fr.ac6.mcu.externaltools.arm-none.win32_1.15.0.201708311556/tools/compiler/bin/../lib/gcc/arm-none-eabi/6.3.1/../../../../arm-none-eabi/lib/thumb/v7e-m/fpv4-sp/hard\libc_nano.a(lib_a-impure.o)
                0x20000130                _impure_ptr
 .data.impure_data
                0x20000134       0x60 c:/ac6/systemworkbench_min/plugins/fr.ac6.mcu.externaltools.arm-none.win32_1.15.0.201708311556/tools/compiler/bin/../lib/gcc/arm-none-eabi/6.3.1/../../../../arm-none-eabi/lib/thumb/v7e-m/fpv4-sp/hard\libc_nano.a(lib_a-impure.o)
                0x20000194                . = ALIGN (0x4)
                0x20000194                _edata = .

.jcr            0x20000194        0x0 load address 0x0800490c
 .jcr           0x20000194        0x0 c:/ac6/systemworkbench_min/plugins/fr.ac6.mcu.externaltools.arm-none.win32_1.15.0.201708311556/tools/compiler/bin/../lib/gcc/arm-none-eabi/6.3.1/thumb/v7e-m/fpv4-sp/hard/crtbegin.o

.igot.plt       0x20000194        0x0 load address 0x0800490c
 .igot.plt      0x20000194        0x0 c:/ac6/systemworkbench_min/plugins/fr.ac6.mcu.externaltools.arm-none.win32_1.15.0.201708311556/tools/compiler/bin/../lib/gcc/arm-none-eabi/6.3.1/thumb/v7e-m/fpv4-sp/hard/crtbegin.o
                0x20000194                . = ALIGN (0x4)

.bss            0x20000198      0x30c load address 0x0800490c
                0x20000198                _sbss = .
                0x20000198                __bss_start__ = _sbss
 *(.bss)
 .bss           0x20000198       0x1c c:/ac6/systemworkbench_min/plugins/fr.ac6.mcu.externaltools.arm-none.win32_1.15.0.201708311556/tools/compiler/bin/../lib/gcc/arm-none-eabi/6.3.1/thumb/v7e-m/fpv4-sp/hard/crtbegin.o
 *fill*         0x200001b4        0x4 
 .bss           0x200001b8       0x43 Src/main.o
                0x200001b8                toggleFlag
                0x200001bc                tim5Cnt
                0x200001c0                pwmCh1Cnt
                0x200001c4                pwmCh2Cnt
                0x200001c8                bitLen
                0x200001d0                fskBuffer
                0x200001d8                fskDataFlag
                0x200001e0                dataBitCnt
                0x200001e8                dataByteIndex
                0x200001e9                oneByteReceived
                0x200001ec                fskAddress
                0x200001f0                fskCrc16
                0x200001f2                fskPreambleFlag
                0x200001f3                fskSyncFlag
                0x200001f4                dataindex
                0x200001f8                dataReceived
                0x200001f9                parityBit
                0x200001fa                fskDataIndex
 .bss           0x200001fb        0x1 Src/rs232_menu.o
 *(.bss*)
 .bss.__malloc_free_list
                0x200001fc        0x4 c:/ac6/systemworkbench_min/plugins/fr.ac6.mcu.externaltools.arm-none.win32_1.15.0.201708311556/tools/compiler/bin/../lib/gcc/arm-none-eabi/6.3.1/../../../../arm-none-eabi/lib/thumb/v7e-m/fpv4-sp/hard\libc_nano.a(lib_a-nano-mallocr.o)
                0x200001fc                __malloc_free_list
 .bss.__malloc_sbrk_start
                0x20000200        0x4 c:/ac6/systemworkbench_min/plugins/fr.ac6.mcu.externaltools.arm-none.win32_1.15.0.201708311556/tools/compiler/bin/../lib/gcc/arm-none-eabi/6.3.1/../../../../arm-none-eabi/lib/thumb/v7e-m/fpv4-sp/hard\libc_nano.a(lib_a-nano-mallocr.o)
                0x20000200                __malloc_sbrk_start
 .bss.heap_end.5239
                0x20000204        0x4 c:/ac6/systemworkbench_min/plugins/fr.ac6.mcu.externaltools.arm-none.win32_1.15.0.201708311556/tools/compiler/bin/../lib/gcc/arm-none-eabi/6.3.1/../../../../arm-none-eabi/lib/thumb/v7e-m/fpv4-sp/hard\libnosys.a(sbrk.o)
 *(COMMON)
 COMMON         0x20000208        0x4 Drivers/STM32F4xx_HAL_Driver/Src/stm32f4xx_hal.o
                0x20000208                uwTick
 COMMON         0x2000020c      0x22c Src/main.o
                0x2000020c                dataAdd
                0x20000210                fskData8B
                0x20000238                htim8
                0x20000274                htim5
                0x200002b0                hspi3
                0x20000308                uart1DataRx
                0x2000030c                huart1
                0x2000034c                uart1TxCplt
                0x20000350                dataLen
                0x20000354                hspi1
                0x200003ac                htim2
                0x200003e8                fskData10B
 COMMON         0x20000438       0x68 Src/uartPrint.o
                0x20000438                uart1BufferLen
                0x2000043c                uart1BufferTx
 COMMON         0x200004a0        0x4 c:/ac6/systemworkbench_min/plugins/fr.ac6.mcu.externaltools.arm-none.win32_1.15.0.201708311556/tools/compiler/bin/../lib/gcc/arm-none-eabi/6.3.1/../../../../arm-none-eabi/lib/thumb/v7e-m/fpv4-sp/hard\libc_nano.a(lib_a-reent.o)
                0x200004a0                errno
                0x200004a4                . = ALIGN (0x4)
                0x200004a4                _ebss = .
                0x200004a4                __bss_end__ = _ebss

._user_heap_stack
                0x200004a4      0x604 load address 0x0800490c
                0x200004a8                . = ALIGN (0x8)
 *fill*         0x200004a4        0x4 
                0x200004a8                PROVIDE (end, .)
                [!provide]                PROVIDE (_end, .)
                0x200006a8                . = (. + _Min_Heap_Size)
 *fill*         0x200004a8      0x200 
                0x20000aa8                . = (. + _Min_Stack_Size)
 *fill*         0x200006a8      0x400 
                0x20000aa8                . = ALIGN (0x8)

/DISCARD/
 libc.a(*)
 libm.a(*)
 libgcc.a(*)

.ARM.attributes
                0x00000000       0x30
 *(.ARM.attributes)
 .ARM.attributes
                0x00000000       0x22 c:/ac6/systemworkbench_min/plugins/fr.ac6.mcu.externaltools.arm-none.win32_1.15.0.201708311556/tools/compiler/bin/../lib/gcc/arm-none-eabi/6.3.1/thumb/v7e-m/fpv4-sp/hard/crti.o
 .ARM.attributes
                0x00000022       0x34 c:/ac6/systemworkbench_min/plugins/fr.ac6.mcu.externaltools.arm-none.win32_1.15.0.201708311556/tools/compiler/bin/../lib/gcc/arm-none-eabi/6.3.1/thumb/v7e-m/fpv4-sp/hard/crtbegin.o
 .ARM.attributes
                0x00000056       0x39 Drivers/STM32F4xx_HAL_Driver/Src/stm32f4xx_hal.o
 .ARM.attributes
                0x0000008f       0x39 Drivers/STM32F4xx_HAL_Driver/Src/stm32f4xx_hal_cortex.o
 .ARM.attributes
                0x000000c8       0x39 Drivers/STM32F4xx_HAL_Driver/Src/stm32f4xx_hal_dma.o
 .ARM.attributes
                0x00000101       0x39 Drivers/STM32F4xx_HAL_Driver/Src/stm32f4xx_hal_gpio.o
 .ARM.attributes
                0x0000013a       0x39 Drivers/STM32F4xx_HAL_Driver/Src/stm32f4xx_hal_rcc.o
 .ARM.attributes
                0x00000173       0x39 Drivers/STM32F4xx_HAL_Driver/Src/stm32f4xx_hal_rcc_ex.o
 .ARM.attributes
                0x000001ac       0x39 Drivers/STM32F4xx_HAL_Driver/Src/stm32f4xx_hal_spi.o
 .ARM.attributes
                0x000001e5       0x39 Drivers/STM32F4xx_HAL_Driver/Src/stm32f4xx_hal_tim.o
 .ARM.attributes
                0x0000021e       0x39 Drivers/STM32F4xx_HAL_Driver/Src/stm32f4xx_hal_tim_ex.o
 .ARM.attributes
                0x00000257       0x39 Drivers/STM32F4xx_HAL_Driver/Src/stm32f4xx_hal_uart.o
 .ARM.attributes
                0x00000290       0x39 Src/ad5641.o
 .ARM.attributes
                0x000002c9       0x39 Src/adf4159.o
 .ARM.attributes
                0x00000302       0x39 Src/bgt24mtr11.o
 .ARM.attributes
                0x0000033b       0x39 Src/bitDecode.o
 .ARM.attributes
                0x00000374       0x39 Src/main.o
 .ARM.attributes
                0x000003ad       0x39 Src/rs232_menu.o
 .ARM.attributes
                0x000003e6       0x39 Src/stm32f4xx_hal_msp.o
 .ARM.attributes
                0x0000041f       0x39 Src/stm32f4xx_it.o
 .ARM.attributes
                0x00000458       0x39 Src/system_stm32f4xx.o
 .ARM.attributes
                0x00000491       0x39 Src/uartPrint.o
 .ARM.attributes
                0x000004ca       0x21 startup/startup_stm32f446xx.o
 .ARM.attributes
                0x000004eb       0x34 c:/ac6/systemworkbench_min/plugins/fr.ac6.mcu.externaltools.arm-none.win32_1.15.0.201708311556/tools/compiler/bin/../lib/gcc/arm-none-eabi/6.3.1/../../../../arm-none-eabi/lib/thumb/v7e-m/fpv4-sp/hard\libc_nano.a(lib_a-impure.o)
 .ARM.attributes
                0x0000051f       0x34 c:/ac6/systemworkbench_min/plugins/fr.ac6.mcu.externaltools.arm-none.win32_1.15.0.201708311556/tools/compiler/bin/../lib/gcc/arm-none-eabi/6.3.1/../../../../arm-none-eabi/lib/thumb/v7e-m/fpv4-sp/hard\libc_nano.a(lib_a-init.o)
 .ARM.attributes
                0x00000553       0x34 c:/ac6/systemworkbench_min/plugins/fr.ac6.mcu.externaltools.arm-none.win32_1.15.0.201708311556/tools/compiler/bin/../lib/gcc/arm-none-eabi/6.3.1/../../../../arm-none-eabi/lib/thumb/v7e-m/fpv4-sp/hard\libc_nano.a(lib_a-memcpy-stub.o)
 .ARM.attributes
                0x00000587       0x34 c:/ac6/systemworkbench_min/plugins/fr.ac6.mcu.externaltools.arm-none.win32_1.15.0.201708311556/tools/compiler/bin/../lib/gcc/arm-none-eabi/6.3.1/../../../../arm-none-eabi/lib/thumb/v7e-m/fpv4-sp/hard\libc_nano.a(lib_a-sprintf.o)
 .ARM.attributes
                0x000005bb       0x34 c:/ac6/systemworkbench_min/plugins/fr.ac6.mcu.externaltools.arm-none.win32_1.15.0.201708311556/tools/compiler/bin/../lib/gcc/arm-none-eabi/6.3.1/../../../../arm-none-eabi/lib/thumb/v7e-m/fpv4-sp/hard\libc_nano.a(lib_a-nano-svfprintf.o)
 .ARM.attributes
                0x000005ef       0x34 c:/ac6/systemworkbench_min/plugins/fr.ac6.mcu.externaltools.arm-none.win32_1.15.0.201708311556/tools/compiler/bin/../lib/gcc/arm-none-eabi/6.3.1/../../../../arm-none-eabi/lib/thumb/v7e-m/fpv4-sp/hard\libc_nano.a(lib_a-nano-vfprintf_i.o)
 .ARM.attributes
                0x00000623       0x20 c:/ac6/systemworkbench_min/plugins/fr.ac6.mcu.externaltools.arm-none.win32_1.15.0.201708311556/tools/compiler/bin/../lib/gcc/arm-none-eabi/6.3.1/../../../../arm-none-eabi/lib/thumb/v7e-m/fpv4-sp/hard\libc_nano.a(lib_a-memchr.o)
 .ARM.attributes
                0x00000643       0x34 c:/ac6/systemworkbench_min/plugins/fr.ac6.mcu.externaltools.arm-none.win32_1.15.0.201708311556/tools/compiler/bin/../lib/gcc/arm-none-eabi/6.3.1/../../../../arm-none-eabi/lib/thumb/v7e-m/fpv4-sp/hard\libc_nano.a(lib_a-memmove.o)
 .ARM.attributes
                0x00000677       0x34 c:/ac6/systemworkbench_min/plugins/fr.ac6.mcu.externaltools.arm-none.win32_1.15.0.201708311556/tools/compiler/bin/../lib/gcc/arm-none-eabi/6.3.1/../../../../arm-none-eabi/lib/thumb/v7e-m/fpv4-sp/hard\libc_nano.a(lib_a-nano-freer.o)
 .ARM.attributes
                0x000006ab       0x34 c:/ac6/systemworkbench_min/plugins/fr.ac6.mcu.externaltools.arm-none.win32_1.15.0.201708311556/tools/compiler/bin/../lib/gcc/arm-none-eabi/6.3.1/../../../../arm-none-eabi/lib/thumb/v7e-m/fpv4-sp/hard\libc_nano.a(lib_a-nano-mallocr.o)
 .ARM.attributes
                0x000006df       0x34 c:/ac6/systemworkbench_min/plugins/fr.ac6.mcu.externaltools.arm-none.win32_1.15.0.201708311556/tools/compiler/bin/../lib/gcc/arm-none-eabi/6.3.1/../../../../arm-none-eabi/lib/thumb/v7e-m/fpv4-sp/hard\libc_nano.a(lib_a-nano-reallocr.o)
 .ARM.attributes
                0x00000713       0x34 c:/ac6/systemworkbench_min/plugins/fr.ac6.mcu.externaltools.arm-none.win32_1.15.0.201708311556/tools/compiler/bin/../lib/gcc/arm-none-eabi/6.3.1/../../../../arm-none-eabi/lib/thumb/v7e-m/fpv4-sp/hard\libc_nano.a(lib_a-sbrkr.o)
 .ARM.attributes
                0x00000747       0x34 c:/ac6/systemworkbench_min/plugins/fr.ac6.mcu.externaltools.arm-none.win32_1.15.0.201708311556/tools/compiler/bin/../lib/gcc/arm-none-eabi/6.3.1/../../../../arm-none-eabi/lib/thumb/v7e-m/fpv4-sp/hard\libc_nano.a(lib_a-mlock.o)
 .ARM.attributes
                0x0000077b       0x34 c:/ac6/systemworkbench_min/plugins/fr.ac6.mcu.externaltools.arm-none.win32_1.15.0.201708311556/tools/compiler/bin/../lib/gcc/arm-none-eabi/6.3.1/../../../../arm-none-eabi/lib/thumb/v7e-m/fpv4-sp/hard\libc_nano.a(lib_a-nano-msizer.o)
 .ARM.attributes
                0x000007af       0x34 c:/ac6/systemworkbench_min/plugins/fr.ac6.mcu.externaltools.arm-none.win32_1.15.0.201708311556/tools/compiler/bin/../lib/gcc/arm-none-eabi/6.3.1/../../../../arm-none-eabi/lib/thumb/v7e-m/fpv4-sp/hard\libc_nano.a(lib_a-reent.o)
 .ARM.attributes
                0x000007e3       0x34 c:/ac6/systemworkbench_min/plugins/fr.ac6.mcu.externaltools.arm-none.win32_1.15.0.201708311556/tools/compiler/bin/../lib/gcc/arm-none-eabi/6.3.1/../../../../arm-none-eabi/lib/thumb/v7e-m/fpv4-sp/hard\libnosys.a(sbrk.o)
 .ARM.attributes
                0x00000817       0x22 c:/ac6/systemworkbench_min/plugins/fr.ac6.mcu.externaltools.arm-none.win32_1.15.0.201708311556/tools/compiler/bin/../lib/gcc/arm-none-eabi/6.3.1/thumb/v7e-m/fpv4-sp/hard/crtn.o
OUTPUT(stm32f4xx_spi_uart.elf elf32-littlearm)

.debug_info     0x00000000    0x1d8d4
 .debug_info    0x00000000     0x11f0 Drivers/STM32F4xx_HAL_Driver/Src/stm32f4xx_hal.o
 .debug_info    0x000011f0     0x1778 Drivers/STM32F4xx_HAL_Driver/Src/stm32f4xx_hal_cortex.o
 .debug_info    0x00002968     0x127c Drivers/STM32F4xx_HAL_Driver/Src/stm32f4xx_hal_dma.o
 .debug_info    0x00003be4      0xfe5 Drivers/STM32F4xx_HAL_Driver/Src/stm32f4xx_hal_gpio.o
 .debug_info    0x00004bc9     0x1540 Drivers/STM32F4xx_HAL_Driver/Src/stm32f4xx_hal_rcc.o
 .debug_info    0x00006109     0x1c46 Drivers/STM32F4xx_HAL_Driver/Src/stm32f4xx_hal_rcc_ex.o
 .debug_info    0x00007d4f     0x220a Drivers/STM32F4xx_HAL_Driver/Src/stm32f4xx_hal_spi.o
 .debug_info    0x00009f59     0x3685 Drivers/STM32F4xx_HAL_Driver/Src/stm32f4xx_hal_tim.o
 .debug_info    0x0000d5de     0x1b26 Drivers/STM32F4xx_HAL_Driver/Src/stm32f4xx_hal_tim_ex.o
 .debug_info    0x0000f104     0x1f1d Drivers/STM32F4xx_HAL_Driver/Src/stm32f4xx_hal_uart.o
 .debug_info    0x00011021     0x10e1 Src/ad5641.o
 .debug_info    0x00012102     0x1493 Src/adf4159.o
 .debug_info    0x00013595     0x10af Src/bgt24mtr11.o
 .debug_info    0x00014644      0x9ed Src/bitDecode.o
 .debug_info    0x00015031     0x28d3 Src/main.o
 .debug_info    0x00017904     0x13e1 Src/rs232_menu.o
 .debug_info    0x00018ce5     0x1c47 Src/stm32f4xx_hal_msp.o
 .debug_info    0x0001a92c     0x115f Src/stm32f4xx_it.o
 .debug_info    0x0001ba8b      0xd64 Src/system_stm32f4xx.o
 .debug_info    0x0001c7ef     0x1062 Src/uartPrint.o
 .debug_info    0x0001d851       0x83 startup/startup_stm32f446xx.o

.debug_abbrev   0x00000000     0x3722
 .debug_abbrev  0x00000000      0x347 Drivers/STM32F4xx_HAL_Driver/Src/stm32f4xx_hal.o
 .debug_abbrev  0x00000347      0x3d4 Drivers/STM32F4xx_HAL_Driver/Src/stm32f4xx_hal_cortex.o
 .debug_abbrev  0x0000071b      0x328 Drivers/STM32F4xx_HAL_Driver/Src/stm32f4xx_hal_dma.o
 .debug_abbrev  0x00000a43      0x2a5 Drivers/STM32F4xx_HAL_Driver/Src/stm32f4xx_hal_gpio.o
 .debug_abbrev  0x00000ce8      0x370 Drivers/STM32F4xx_HAL_Driver/Src/stm32f4xx_hal_rcc.o
 .debug_abbrev  0x00001058      0x329 Drivers/STM32F4xx_HAL_Driver/Src/stm32f4xx_hal_rcc_ex.o
 .debug_abbrev  0x00001381      0x2f0 Drivers/STM32F4xx_HAL_Driver/Src/stm32f4xx_hal_spi.o
 .debug_abbrev  0x00001671      0x2dc Drivers/STM32F4xx_HAL_Driver/Src/stm32f4xx_hal_tim.o
 .debug_abbrev  0x0000194d      0x2dc Drivers/STM32F4xx_HAL_Driver/Src/stm32f4xx_hal_tim_ex.o
 .debug_abbrev  0x00001c29      0x342 Drivers/STM32F4xx_HAL_Driver/Src/stm32f4xx_hal_uart.o
 .debug_abbrev  0x00001f6b      0x23c Src/ad5641.o
 .debug_abbrev  0x000021a7      0x258 Src/adf4159.o
 .debug_abbrev  0x000023ff      0x24b Src/bgt24mtr11.o
 .debug_abbrev  0x0000264a      0x21a Src/bitDecode.o
 .debug_abbrev  0x00002864      0x309 Src/main.o
 .debug_abbrev  0x00002b6d      0x288 Src/rs232_menu.o
 .debug_abbrev  0x00002df5      0x299 Src/stm32f4xx_hal_msp.o
 .debug_abbrev  0x0000308e      0x22e Src/stm32f4xx_it.o
 .debug_abbrev  0x000032bc      0x205 Src/system_stm32f4xx.o
 .debug_abbrev  0x000034c1      0x24f Src/uartPrint.o
 .debug_abbrev  0x00003710       0x12 startup/startup_stm32f446xx.o

.debug_loc      0x00000000     0xa1ae
 .debug_loc     0x00000000       0x91 Drivers/STM32F4xx_HAL_Driver/Src/stm32f4xx_hal.o
 .debug_loc     0x00000091      0x5ce Drivers/STM32F4xx_HAL_Driver/Src/stm32f4xx_hal_cortex.o
 .debug_loc     0x0000065f      0xafd Drivers/STM32F4xx_HAL_Driver/Src/stm32f4xx_hal_dma.o
 .debug_loc     0x0000115c      0x414 Drivers/STM32F4xx_HAL_Driver/Src/stm32f4xx_hal_gpio.o
 .debug_loc     0x00001570      0x53b Drivers/STM32F4xx_HAL_Driver/Src/stm32f4xx_hal_rcc.o
 .debug_loc     0x00001aab      0xebf Drivers/STM32F4xx_HAL_Driver/Src/stm32f4xx_hal_rcc_ex.o
 .debug_loc     0x0000296a     0x1984 Drivers/STM32F4xx_HAL_Driver/Src/stm32f4xx_hal_spi.o
 .debug_loc     0x000042ee     0x34bc Drivers/STM32F4xx_HAL_Driver/Src/stm32f4xx_hal_tim.o
 .debug_loc     0x000077aa      0xe78 Drivers/STM32F4xx_HAL_Driver/Src/stm32f4xx_hal_tim_ex.o
 .debug_loc     0x00008622     0x1532 Drivers/STM32F4xx_HAL_Driver/Src/stm32f4xx_hal_uart.o
 .debug_loc     0x00009b54       0xb3 Src/adf4159.o
 .debug_loc     0x00009c07       0x4b Src/bitDecode.o
 .debug_loc     0x00009c52       0x81 Src/main.o
 .debug_loc     0x00009cd3      0x102 Src/rs232_menu.o
 .debug_loc     0x00009dd5      0x1a7 Src/stm32f4xx_hal_msp.o
 .debug_loc     0x00009f7c      0x13e Src/system_stm32f4xx.o
 .debug_loc     0x0000a0ba       0xf4 Src/uartPrint.o

.debug_aranges  0x00000000      0xe88
 .debug_aranges
                0x00000000       0xc8 Drivers/STM32F4xx_HAL_Driver/Src/stm32f4xx_hal.o
 .debug_aranges
                0x000000c8       0xa8 Drivers/STM32F4xx_HAL_Driver/Src/stm32f4xx_hal_cortex.o
 .debug_aranges
                0x00000170       0x90 Drivers/STM32F4xx_HAL_Driver/Src/stm32f4xx_hal_dma.o
 .debug_aranges
                0x00000200       0x58 Drivers/STM32F4xx_HAL_Driver/Src/stm32f4xx_hal_gpio.o
 .debug_aranges
                0x00000258       0x88 Drivers/STM32F4xx_HAL_Driver/Src/stm32f4xx_hal_rcc.o
 .debug_aranges
                0x000002e0       0x58 Drivers/STM32F4xx_HAL_Driver/Src/stm32f4xx_hal_rcc_ex.o
 .debug_aranges
                0x00000338      0x1c8 Drivers/STM32F4xx_HAL_Driver/Src/stm32f4xx_hal_spi.o
 .debug_aranges
                0x00000500      0x368 Drivers/STM32F4xx_HAL_Driver/Src/stm32f4xx_hal_tim.o
 .debug_aranges
                0x00000868      0x140 Drivers/STM32F4xx_HAL_Driver/Src/stm32f4xx_hal_tim_ex.o
 .debug_aranges
                0x000009a8      0x1d0 Drivers/STM32F4xx_HAL_Driver/Src/stm32f4xx_hal_uart.o
 .debug_aranges
                0x00000b78       0x58 Src/ad5641.o
 .debug_aranges
                0x00000bd0       0x40 Src/adf4159.o
 .debug_aranges
                0x00000c10       0x38 Src/bgt24mtr11.o
 .debug_aranges
                0x00000c48       0x20 Src/bitDecode.o
 .debug_aranges
                0x00000c68       0x88 Src/main.o
 .debug_aranges
                0x00000cf0       0x38 Src/rs232_menu.o
 .debug_aranges
                0x00000d28       0x50 Src/stm32f4xx_hal_msp.o
 .debug_aranges
                0x00000d78       0x78 Src/stm32f4xx_it.o
 .debug_aranges
                0x00000df0       0x28 Src/system_stm32f4xx.o
 .debug_aranges
                0x00000e18       0x48 Src/uartPrint.o
 .debug_aranges
                0x00000e60       0x28 startup/startup_stm32f446xx.o

.debug_ranges   0x00000000      0xde8
 .debug_ranges  0x00000000       0xb8 Drivers/STM32F4xx_HAL_Driver/Src/stm32f4xx_hal.o
 .debug_ranges  0x000000b8       0xf8 Drivers/STM32F4xx_HAL_Driver/Src/stm32f4xx_hal_cortex.o
 .debug_ranges  0x000001b0       0x80 Drivers/STM32F4xx_HAL_Driver/Src/stm32f4xx_hal_dma.o
 .debug_ranges  0x00000230       0x48 Drivers/STM32F4xx_HAL_Driver/Src/stm32f4xx_hal_gpio.o
 .debug_ranges  0x00000278       0x78 Drivers/STM32F4xx_HAL_Driver/Src/stm32f4xx_hal_rcc.o
 .debug_ranges  0x000002f0       0x48 Drivers/STM32F4xx_HAL_Driver/Src/stm32f4xx_hal_rcc_ex.o
 .debug_ranges  0x00000338      0x1b8 Drivers/STM32F4xx_HAL_Driver/Src/stm32f4xx_hal_spi.o
 .debug_ranges  0x000004f0      0x358 Drivers/STM32F4xx_HAL_Driver/Src/stm32f4xx_hal_tim.o
 .debug_ranges  0x00000848      0x130 Drivers/STM32F4xx_HAL_Driver/Src/stm32f4xx_hal_tim_ex.o
 .debug_ranges  0x00000978      0x1c0 Drivers/STM32F4xx_HAL_Driver/Src/stm32f4xx_hal_uart.o
 .debug_ranges  0x00000b38       0x48 Src/ad5641.o
 .debug_ranges  0x00000b80       0x30 Src/adf4159.o
 .debug_ranges  0x00000bb0       0x28 Src/bgt24mtr11.o
 .debug_ranges  0x00000bd8       0x10 Src/bitDecode.o
 .debug_ranges  0x00000be8       0x78 Src/main.o
 .debug_ranges  0x00000c60       0x70 Src/rs232_menu.o
 .debug_ranges  0x00000cd0       0x40 Src/stm32f4xx_hal_msp.o
 .debug_ranges  0x00000d10       0x68 Src/stm32f4xx_it.o
 .debug_ranges  0x00000d78       0x18 Src/system_stm32f4xx.o
 .debug_ranges  0x00000d90       0x38 Src/uartPrint.o
 .debug_ranges  0x00000dc8       0x20 startup/startup_stm32f446xx.o

.debug_macro    0x00000000    0x23dbf
 .debug_macro   0x00000000      0x383 Drivers/STM32F4xx_HAL_Driver/Src/stm32f4xx_hal.o
 .debug_macro   0x00000383      0x8bc Drivers/STM32F4xx_HAL_Driver/Src/stm32f4xx_hal.o
 .debug_macro   0x00000c3f       0x10 Drivers/STM32F4xx_HAL_Driver/Src/stm32f4xx_hal.o
 .debug_macro   0x00000c4f      0x186 Drivers/STM32F4xx_HAL_Driver/Src/stm32f4xx_hal.o
 .debug_macro   0x00000dd5       0x33 Drivers/STM32F4xx_HAL_Driver/Src/stm32f4xx_hal.o
 .debug_macro   0x00000e08       0x28 Drivers/STM32F4xx_HAL_Driver/Src/stm32f4xx_hal.o
 .debug_macro   0x00000e30       0x22 Drivers/STM32F4xx_HAL_Driver/Src/stm32f4xx_hal.o
 .debug_macro   0x00000e52       0x87 Drivers/STM32F4xx_HAL_Driver/Src/stm32f4xx_hal.o
 .debug_macro   0x00000ed9       0x51 Drivers/STM32F4xx_HAL_Driver/Src/stm32f4xx_hal.o
 .debug_macro   0x00000f2a       0xef Drivers/STM32F4xx_HAL_Driver/Src/stm32f4xx_hal.o
 .debug_macro   0x00001019       0x6a Drivers/STM32F4xx_HAL_Driver/Src/stm32f4xx_hal.o
 .debug_macro   0x00001083      0x1df Drivers/STM32F4xx_HAL_Driver/Src/stm32f4xx_hal.o
 .debug_macro   0x00001262       0x35 Drivers/STM32F4xx_HAL_Driver/Src/stm32f4xx_hal.o
 .debug_macro   0x00001297       0x50 Drivers/STM32F4xx_HAL_Driver/Src/stm32f4xx_hal.o
 .debug_macro   0x000012e7      0xe66 Drivers/STM32F4xx_HAL_Driver/Src/stm32f4xx_hal.o
 .debug_macro   0x0000214d    0x16703 Drivers/STM32F4xx_HAL_Driver/Src/stm32f4xx_hal.o
 .debug_macro   0x00018850       0x43 Drivers/STM32F4xx_HAL_Driver/Src/stm32f4xx_hal.o
 .debug_macro   0x00018893     0x3574 Drivers/STM32F4xx_HAL_Driver/Src/stm32f4xx_hal.o
 .debug_macro   0x0001be07       0x58 Drivers/STM32F4xx_HAL_Driver/Src/stm32f4xx_hal.o
 .debug_macro   0x0001be5f       0x35 Drivers/STM32F4xx_HAL_Driver/Src/stm32f4xx_hal.o
 .debug_macro   0x0001be94       0x9c Drivers/STM32F4xx_HAL_Driver/Src/stm32f4xx_hal.o
 .debug_macro   0x0001bf30       0x16 Drivers/STM32F4xx_HAL_Driver/Src/stm32f4xx_hal.o
 .debug_macro   0x0001bf46       0x97 Drivers/STM32F4xx_HAL_Driver/Src/stm32f4xx_hal.o
 .debug_macro   0x0001bfdd      0x330 Drivers/STM32F4xx_HAL_Driver/Src/stm32f4xx_hal.o
 .debug_macro   0x0001c30d       0xfd Drivers/STM32F4xx_HAL_Driver/Src/stm32f4xx_hal.o
 .debug_macro   0x0001c40a       0x10 Drivers/STM32F4xx_HAL_Driver/Src/stm32f4xx_hal.o
 .debug_macro   0x0001c41a       0x58 Drivers/STM32F4xx_HAL_Driver/Src/stm32f4xx_hal.o
 .debug_macro   0x0001c472       0x1f Drivers/STM32F4xx_HAL_Driver/Src/stm32f4xx_hal.o
 .debug_macro   0x0001c491       0x43 Drivers/STM32F4xx_HAL_Driver/Src/stm32f4xx_hal.o
 .debug_macro   0x0001c4d4       0x20 Drivers/STM32F4xx_HAL_Driver/Src/stm32f4xx_hal.o
 .debug_macro   0x0001c4f4      0x187 Drivers/STM32F4xx_HAL_Driver/Src/stm32f4xx_hal.o
 .debug_macro   0x0001c67b       0x10 Drivers/STM32F4xx_HAL_Driver/Src/stm32f4xx_hal.o
 .debug_macro   0x0001c68b       0x1c Drivers/STM32F4xx_HAL_Driver/Src/stm32f4xx_hal.o
 .debug_macro   0x0001c6a7       0x52 Drivers/STM32F4xx_HAL_Driver/Src/stm32f4xx_hal.o
 .debug_macro   0x0001c6f9       0x40 Drivers/STM32F4xx_HAL_Driver/Src/stm32f4xx_hal.o
 .debug_macro   0x0001c739       0x10 Drivers/STM32F4xx_HAL_Driver/Src/stm32f4xx_hal.o
 .debug_macro   0x0001c749       0x40 Drivers/STM32F4xx_HAL_Driver/Src/stm32f4xx_hal.o
 .debug_macro   0x0001c789       0xd7 Drivers/STM32F4xx_HAL_Driver/Src/stm32f4xx_hal.o
 .debug_macro   0x0001c860       0x16 Drivers/STM32F4xx_HAL_Driver/Src/stm32f4xx_hal.o
 .debug_macro   0x0001c876      0x18b Drivers/STM32F4xx_HAL_Driver/Src/stm32f4xx_hal.o
 .debug_macro   0x0001ca01       0x50 Drivers/STM32F4xx_HAL_Driver/Src/stm32f4xx_hal.o
 .debug_macro   0x0001ca51      0xc90 Drivers/STM32F4xx_HAL_Driver/Src/stm32f4xx_hal.o
 .debug_macro   0x0001d6e1      0x9e1 Drivers/STM32F4xx_HAL_Driver/Src/stm32f4xx_hal.o
 .debug_macro   0x0001e0c2      0x11e Drivers/STM32F4xx_HAL_Driver/Src/stm32f4xx_hal.o
 .debug_macro   0x0001e1e0      0x1a0 Drivers/STM32F4xx_HAL_Driver/Src/stm32f4xx_hal.o
 .debug_macro   0x0001e380       0x27 Drivers/STM32F4xx_HAL_Driver/Src/stm32f4xx_hal.o
 .debug_macro   0x0001e3a7      0x287 Drivers/STM32F4xx_HAL_Driver/Src/stm32f4xx_hal.o
 .debug_macro   0x0001e62e       0x5f Drivers/STM32F4xx_HAL_Driver/Src/stm32f4xx_hal.o
 .debug_macro   0x0001e68d      0x23a Drivers/STM32F4xx_HAL_Driver/Src/stm32f4xx_hal.o
 .debug_macro   0x0001e8c7      0x13a Drivers/STM32F4xx_HAL_Driver/Src/stm32f4xx_hal.o
 .debug_macro   0x0001ea01      0x29c Drivers/STM32F4xx_HAL_Driver/Src/stm32f4xx_hal.o
 .debug_macro   0x0001ec9d       0x2e Drivers/STM32F4xx_HAL_Driver/Src/stm32f4xx_hal.o
 .debug_macro   0x0001eccb      0x11e Drivers/STM32F4xx_HAL_Driver/Src/stm32f4xx_hal.o
 .debug_macro   0x0001ede9       0xe8 Drivers/STM32F4xx_HAL_Driver/Src/stm32f4xx_hal.o
 .debug_macro   0x0001eed1       0x89 Drivers/STM32F4xx_HAL_Driver/Src/stm32f4xx_hal.o
 .debug_macro   0x0001ef5a      0x202 Drivers/STM32F4xx_HAL_Driver/Src/stm32f4xx_hal.o
 .debug_macro   0x0001f15c      0x6e0 Drivers/STM32F4xx_HAL_Driver/Src/stm32f4xx_hal.o
 .debug_macro   0x0001f83c       0x62 Drivers/STM32F4xx_HAL_Driver/Src/stm32f4xx_hal.o
 .debug_macro   0x0001f89e      0x14d Drivers/STM32F4xx_HAL_Driver/Src/stm32f4xx_hal.o
 .debug_macro   0x0001f9eb      0x287 Drivers/STM32F4xx_HAL_Driver/Src/stm32f4xx_hal.o
 .debug_macro   0x0001fc72      0x11e Drivers/STM32F4xx_HAL_Driver/Src/stm32f4xx_hal.o
 .debug_macro   0x0001fd90      0x323 Drivers/STM32F4xx_HAL_Driver/Src/stm32f4xx_hal_cortex.o
 .debug_macro   0x000200b3      0x32a Drivers/STM32F4xx_HAL_Driver/Src/stm32f4xx_hal_dma.o
 .debug_macro   0x000203dd      0x35b Drivers/STM32F4xx_HAL_Driver/Src/stm32f4xx_hal_gpio.o
 .debug_macro   0x00020738      0x34d Drivers/STM32F4xx_HAL_Driver/Src/stm32f4xx_hal_rcc.o
 .debug_macro   0x00020a85      0x323 Drivers/STM32F4xx_HAL_Driver/Src/stm32f4xx_hal_rcc_ex.o
 .debug_macro   0x00020da8      0x32b Drivers/STM32F4xx_HAL_Driver/Src/stm32f4xx_hal_spi.o
 .debug_macro   0x000210d3      0x324 Drivers/STM32F4xx_HAL_Driver/Src/stm32f4xx_hal_tim.o
 .debug_macro   0x000213f7      0x323 Drivers/STM32F4xx_HAL_Driver/Src/stm32f4xx_hal_tim_ex.o
 .debug_macro   0x0002171a      0x324 Drivers/STM32F4xx_HAL_Driver/Src/stm32f4xx_hal_uart.o
 .debug_macro   0x00021a3e      0x340 Src/ad5641.o
 .debug_macro   0x00021d7e       0x1c Src/ad5641.o
 .debug_macro   0x00021d9a      0x34e Src/adf4159.o
 .debug_macro   0x000220e8      0x118 Src/adf4159.o
 .debug_macro   0x00022200      0x32c Src/bgt24mtr11.o
 .debug_macro   0x0002252c       0x10 Src/bgt24mtr11.o
 .debug_macro   0x0002253c      0x32d Src/bitDecode.o
 .debug_macro   0x00022869      0x36b Src/main.o
 .debug_macro   0x00022bd4      0x1e1 Src/main.o
 .debug_macro   0x00022db5      0x35a Src/rs232_menu.o
 .debug_macro   0x0002310f      0x323 Src/stm32f4xx_hal_msp.o
 .debug_macro   0x00023432      0x32d Src/stm32f4xx_it.o
 .debug_macro   0x0002375f      0x329 Src/system_stm32f4xx.o
 .debug_macro   0x00023a88      0x337 Src/uartPrint.o

.debug_line     0x00000000     0xe5de
 .debug_line    0x00000000      0x9ce Drivers/STM32F4xx_HAL_Driver/Src/stm32f4xx_hal.o
 .debug_line    0x000009ce      0xa3b Drivers/STM32F4xx_HAL_Driver/Src/stm32f4xx_hal_cortex.o
 .debug_line    0x00001409      0xb44 Drivers/STM32F4xx_HAL_Driver/Src/stm32f4xx_hal_dma.o
 .debug_line    0x00001f4d      0x9a5 Drivers/STM32F4xx_HAL_Driver/Src/stm32f4xx_hal_gpio.o
 .debug_line    0x000028f2      0xb34 Drivers/STM32F4xx_HAL_Driver/Src/stm32f4xx_hal_rcc.o
 .debug_line    0x00003426      0xe25 Drivers/STM32F4xx_HAL_Driver/Src/stm32f4xx_hal_rcc_ex.o
 .debug_line    0x0000424b     0x120b Drivers/STM32F4xx_HAL_Driver/Src/stm32f4xx_hal_spi.o
 .debug_line    0x00005456     0x1950 Drivers/STM32F4xx_HAL_Driver/Src/stm32f4xx_hal_tim.o
 .debug_line    0x00006da6      0xddb Drivers/STM32F4xx_HAL_Driver/Src/stm32f4xx_hal_tim_ex.o
 .debug_line    0x00007b81     0x1129 Drivers/STM32F4xx_HAL_Driver/Src/stm32f4xx_hal_uart.o
 .debug_line    0x00008caa      0x8c8 Src/ad5641.o
 .debug_line    0x00009572      0x8d5 Src/adf4159.o
 .debug_line    0x00009e47      0x85d Src/bgt24mtr11.o
 .debug_line    0x0000a6a4      0x836 Src/bitDecode.o
 .debug_line    0x0000aeda      0xa95 Src/main.o
 .debug_line    0x0000b96f      0x941 Src/rs232_menu.o
 .debug_line    0x0000c2b0      0x8f7 Src/stm32f4xx_hal_msp.o
 .debug_line    0x0000cba7      0x8df Src/stm32f4xx_it.o
 .debug_line    0x0000d486      0x84f Src/system_stm32f4xx.o
 .debug_line    0x0000dcd5      0x88a Src/uartPrint.o
 .debug_line    0x0000e55f       0x7f startup/startup_stm32f446xx.o

.debug_str      0x00000000    0xcb38c
 .debug_str     0x00000000    0xc6d1b Drivers/STM32F4xx_HAL_Driver/Src/stm32f4xx_hal.o
                              0xc711a (size before relaxing)
 .debug_str     0x000c6d1b      0x3a7 Drivers/STM32F4xx_HAL_Driver/Src/stm32f4xx_hal_cortex.o
                              0xc6ebb (size before relaxing)
 .debug_str     0x000c70c2      0x536 Drivers/STM32F4xx_HAL_Driver/Src/stm32f4xx_hal_dma.o
                              0xc69ef (size before relaxing)
 .debug_str     0x000c75f8      0x292 Drivers/STM32F4xx_HAL_Driver/Src/stm32f4xx_hal_gpio.o
                              0xc6832 (size before relaxing)
 .debug_str     0x000c788a      0x385 Drivers/STM32F4xx_HAL_Driver/Src/stm32f4xx_hal_rcc.o
                              0xc6a08 (size before relaxing)
 .debug_str     0x000c7c0f      0x2be Drivers/STM32F4xx_HAL_Driver/Src/stm32f4xx_hal_rcc_ex.o
                              0xc69b6 (size before relaxing)
 .debug_str     0x000c7ecd      0x6c3 Drivers/STM32F4xx_HAL_Driver/Src/stm32f4xx_hal_spi.o
                              0xc6df3 (size before relaxing)
 .debug_str     0x000c8590      0xe82 Drivers/STM32F4xx_HAL_Driver/Src/stm32f4xx_hal_tim.o
                              0xc7615 (size before relaxing)
 .debug_str     0x000c9412      0x4f4 Drivers/STM32F4xx_HAL_Driver/Src/stm32f4xx_hal_tim_ex.o
                              0xc6ed5 (size before relaxing)
 .debug_str     0x000c9906      0x680 Drivers/STM32F4xx_HAL_Driver/Src/stm32f4xx_hal_uart.o
                              0xc6e52 (size before relaxing)
 .debug_str     0x000c9f86       0xf0 Src/ad5641.o
                              0xc6997 (size before relaxing)
 .debug_str     0x000ca076      0x539 Src/adf4159.o
                              0xc6e0e (size before relaxing)
 .debug_str     0x000ca5af       0xaa Src/bgt24mtr11.o
                              0xc6957 (size before relaxing)
 .debug_str     0x000ca659       0x3c Src/bitDecode.o
                              0xc6463 (size before relaxing)
 .debug_str     0x000ca695      0xa7a Src/main.o
                              0xc82eb (size before relaxing)
 .debug_str     0x000cb10f       0xc9 Src/rs232_menu.o
                              0xc7077 (size before relaxing)
 .debug_str     0x000cb1d8       0x25 Src/stm32f4xx_hal_msp.o
                              0xc7324 (size before relaxing)
 .debug_str     0x000cb1fd       0xed Src/stm32f4xx_it.o
                              0xc6b14 (size before relaxing)
 .debug_str     0x000cb2ea       0x5a Src/system_stm32f4xx.o
                              0xc65ee (size before relaxing)
 .debug_str     0x000cb344       0x48 Src/uartPrint.o
                              0xc691c (size before relaxing)

.comment        0x00000000       0x7f
 .comment       0x00000000       0x7f Drivers/STM32F4xx_HAL_Driver/Src/stm32f4xx_hal.o
                                 0x80 (size before relaxing)
 .comment       0x0000007f       0x80 Drivers/STM32F4xx_HAL_Driver/Src/stm32f4xx_hal_cortex.o
 .comment       0x0000007f       0x80 Drivers/STM32F4xx_HAL_Driver/Src/stm32f4xx_hal_dma.o
 .comment       0x0000007f       0x80 Drivers/STM32F4xx_HAL_Driver/Src/stm32f4xx_hal_gpio.o
 .comment       0x0000007f       0x80 Drivers/STM32F4xx_HAL_Driver/Src/stm32f4xx_hal_rcc.o
 .comment       0x0000007f       0x80 Drivers/STM32F4xx_HAL_Driver/Src/stm32f4xx_hal_rcc_ex.o
 .comment       0x0000007f       0x80 Drivers/STM32F4xx_HAL_Driver/Src/stm32f4xx_hal_spi.o
 .comment       0x0000007f       0x80 Drivers/STM32F4xx_HAL_Driver/Src/stm32f4xx_hal_tim.o
 .comment       0x0000007f       0x80 Drivers/STM32F4xx_HAL_Driver/Src/stm32f4xx_hal_tim_ex.o
 .comment       0x0000007f       0x80 Drivers/STM32F4xx_HAL_Driver/Src/stm32f4xx_hal_uart.o
 .comment       0x0000007f       0x80 Src/ad5641.o
 .comment       0x0000007f       0x80 Src/adf4159.o
 .comment       0x0000007f       0x80 Src/bgt24mtr11.o
 .comment       0x0000007f       0x80 Src/bitDecode.o
 .comment       0x0000007f       0x80 Src/main.o
 .comment       0x0000007f       0x80 Src/rs232_menu.o
 .comment       0x0000007f       0x80 Src/stm32f4xx_hal_msp.o
 .comment       0x0000007f       0x80 Src/stm32f4xx_it.o
 .comment       0x0000007f       0x80 Src/system_stm32f4xx.o
 .comment       0x0000007f       0x80 Src/uartPrint.o

.debug_frame    0x00000000     0x2918
 .debug_frame   0x00000000      0x198 Drivers/STM32F4xx_HAL_Driver/Src/stm32f4xx_hal.o
 .debug_frame   0x00000198      0x15c Drivers/STM32F4xx_HAL_Driver/Src/stm32f4xx_hal_cortex.o
 .debug_frame   0x000002f4      0x17c Drivers/STM32F4xx_HAL_Driver/Src/stm32f4xx_hal_dma.o
 .debug_frame   0x00000470       0xd0 Drivers/STM32F4xx_HAL_Driver/Src/stm32f4xx_hal_gpio.o
 .debug_frame   0x00000540      0x13c Drivers/STM32F4xx_HAL_Driver/Src/stm32f4xx_hal_rcc.o
 .debug_frame   0x0000067c       0xe0 Drivers/STM32F4xx_HAL_Driver/Src/stm32f4xx_hal_rcc_ex.o
 .debug_frame   0x0000075c      0x560 Drivers/STM32F4xx_HAL_Driver/Src/stm32f4xx_hal_spi.o
 .debug_frame   0x00000cbc      0x9e0 Drivers/STM32F4xx_HAL_Driver/Src/stm32f4xx_hal_tim.o
 .debug_frame   0x0000169c      0x384 Drivers/STM32F4xx_HAL_Driver/Src/stm32f4xx_hal_tim_ex.o
 .debug_frame   0x00001a20      0x4e8 Drivers/STM32F4xx_HAL_Driver/Src/stm32f4xx_hal_uart.o
 .debug_frame   0x00001f08       0xd0 Src/ad5641.o
 .debug_frame   0x00001fd8       0x90 Src/adf4159.o
 .debug_frame   0x00002068       0x70 Src/bgt24mtr11.o
 .debug_frame   0x000020d8       0x34 Src/bitDecode.o
 .debug_frame   0x0000210c      0x18c Src/main.o
 .debug_frame   0x00002298       0x7c Src/rs232_menu.o
 .debug_frame   0x00002314       0xd0 Src/stm32f4xx_hal_msp.o
 .debug_frame   0x000023e4       0xf0 Src/stm32f4xx_it.o
 .debug_frame   0x000024d4       0x30 Src/system_stm32f4xx.o
 .debug_frame   0x00002504       0xa0 Src/uartPrint.o
 .debug_frame   0x000025a4       0x2c c:/ac6/systemworkbench_min/plugins/fr.ac6.mcu.externaltools.arm-none.win32_1.15.0.201708311556/tools/compiler/bin/../lib/gcc/arm-none-eabi/6.3.1/../../../../arm-none-eabi/lib/thumb/v7e-m/fpv4-sp/hard\libc_nano.a(lib_a-init.o)
 .debug_frame   0x000025d0       0x28 c:/ac6/systemworkbench_min/plugins/fr.ac6.mcu.externaltools.arm-none.win32_1.15.0.201708311556/tools/compiler/bin/../lib/gcc/arm-none-eabi/6.3.1/../../../../arm-none-eabi/lib/thumb/v7e-m/fpv4-sp/hard\libc_nano.a(lib_a-memcpy-stub.o)
 .debug_frame   0x000025f8       0x70 c:/ac6/systemworkbench_min/plugins/fr.ac6.mcu.externaltools.arm-none.win32_1.15.0.201708311556/tools/compiler/bin/../lib/gcc/arm-none-eabi/6.3.1/../../../../arm-none-eabi/lib/thumb/v7e-m/fpv4-sp/hard\libc_nano.a(lib_a-sprintf.o)
 .debug_frame   0x00002668       0x90 c:/ac6/systemworkbench_min/plugins/fr.ac6.mcu.externaltools.arm-none.win32_1.15.0.201708311556/tools/compiler/bin/../lib/gcc/arm-none-eabi/6.3.1/../../../../arm-none-eabi/lib/thumb/v7e-m/fpv4-sp/hard\libc_nano.a(lib_a-nano-svfprintf.o)
 .debug_frame   0x000026f8       0x60 c:/ac6/systemworkbench_min/plugins/fr.ac6.mcu.externaltools.arm-none.win32_1.15.0.201708311556/tools/compiler/bin/../lib/gcc/arm-none-eabi/6.3.1/../../../../arm-none-eabi/lib/thumb/v7e-m/fpv4-sp/hard\libc_nano.a(lib_a-nano-vfprintf_i.o)
 .debug_frame   0x00002758       0x28 c:/ac6/systemworkbench_min/plugins/fr.ac6.mcu.externaltools.arm-none.win32_1.15.0.201708311556/tools/compiler/bin/../lib/gcc/arm-none-eabi/6.3.1/../../../../arm-none-eabi/lib/thumb/v7e-m/fpv4-sp/hard\libc_nano.a(lib_a-memmove.o)
 .debug_frame   0x00002780       0x38 c:/ac6/systemworkbench_min/plugins/fr.ac6.mcu.externaltools.arm-none.win32_1.15.0.201708311556/tools/compiler/bin/../lib/gcc/arm-none-eabi/6.3.1/../../../../arm-none-eabi/lib/thumb/v7e-m/fpv4-sp/hard\libc_nano.a(lib_a-nano-freer.o)
 .debug_frame   0x000027b8       0x2c c:/ac6/systemworkbench_min/plugins/fr.ac6.mcu.externaltools.arm-none.win32_1.15.0.201708311556/tools/compiler/bin/../lib/gcc/arm-none-eabi/6.3.1/../../../../arm-none-eabi/lib/thumb/v7e-m/fpv4-sp/hard\libc_nano.a(lib_a-nano-mallocr.o)
 .debug_frame   0x000027e4       0x3c c:/ac6/systemworkbench_min/plugins/fr.ac6.mcu.externaltools.arm-none.win32_1.15.0.201708311556/tools/compiler/bin/../lib/gcc/arm-none-eabi/6.3.1/../../../../arm-none-eabi/lib/thumb/v7e-m/fpv4-sp/hard\libc_nano.a(lib_a-nano-reallocr.o)
 .debug_frame   0x00002820       0x2c c:/ac6/systemworkbench_min/plugins/fr.ac6.mcu.externaltools.arm-none.win32_1.15.0.201708311556/tools/compiler/bin/../lib/gcc/arm-none-eabi/6.3.1/../../../../arm-none-eabi/lib/thumb/v7e-m/fpv4-sp/hard\libc_nano.a(lib_a-sbrkr.o)
 .debug_frame   0x0000284c       0x30 c:/ac6/systemworkbench_min/plugins/fr.ac6.mcu.externaltools.arm-none.win32_1.15.0.201708311556/tools/compiler/bin/../lib/gcc/arm-none-eabi/6.3.1/../../../../arm-none-eabi/lib/thumb/v7e-m/fpv4-sp/hard\libc_nano.a(lib_a-mlock.o)
 .debug_frame   0x0000287c       0x20 c:/ac6/systemworkbench_min/plugins/fr.ac6.mcu.externaltools.arm-none.win32_1.15.0.201708311556/tools/compiler/bin/../lib/gcc/arm-none-eabi/6.3.1/../../../../arm-none-eabi/lib/thumb/v7e-m/fpv4-sp/hard\libc_nano.a(lib_a-nano-msizer.o)
 .debug_frame   0x0000289c       0x5c c:/ac6/systemworkbench_min/plugins/fr.ac6.mcu.externaltools.arm-none.win32_1.15.0.201708311556/tools/compiler/bin/../lib/gcc/arm-none-eabi/6.3.1/../../../../arm-none-eabi/lib/thumb/v7e-m/fpv4-sp/hard\libc_nano.a(lib_a-reent.o)
 .debug_frame   0x000028f8       0x20 c:/ac6/systemworkbench_min/plugins/fr.ac6.mcu.externaltools.arm-none.win32_1.15.0.201708311556/tools/compiler/bin/../lib/gcc/arm-none-eabi/6.3.1/../../../../arm-none-eabi/lib/thumb/v7e-m/fpv4-sp/hard\libnosys.a(sbrk.o)
