15:38:38 **** Incremental Build of configuration Debug for project stm32f4xx_spi_uart ****
make all 
Building file: ../Src/main.c
Invoking: MCU GCC Compiler
C:\Users\min_bao\Documents\Workspace\stm32f4xx_spi_uart\Debug
arm-none-eabi-gcc -mcpu=cortex-m4 -mthumb -mfloat-abi=hard -mfpu=fpv4-sp-d16 '-D__weak=__attribute__((weak))' '-D__packed=__attribute__((__packed__))' -DUSE_HAL_DRIVER -DSTM32F446xx -I"C:/Users/min_bao/Documents/Workspace/stm32f4xx_spi_uart/Inc" -I"C:/Users/min_bao/Documents/Workspace/stm32f4xx_spi_uart/Drivers/STM32F4xx_HAL_Driver/Inc" -I"C:/Users/min_bao/Documents/Workspace/stm32f4xx_spi_uart/Drivers/STM32F4xx_HAL_Driver/Inc/Legacy" -I"C:/Users/min_bao/Documents/Workspace/stm32f4xx_spi_uart/Drivers/CMSIS/Device/ST/STM32F4xx/Include" -I"C:/Users/min_bao/Documents/Workspace/stm32f4xx_spi_uart/Drivers/CMSIS/Include" -I"C:/Users/min_bao/Documents/Workspace/stm32f4xx_spi_uart/Inc"  -Og -g3 -Wall -fmessage-length=0 -ffunction-sections -c -fmessage-length=0 -MMD -MP -MF"Src/main.d" -MT"Src/main.o" -o "Src/main.o" "../Src/main.c"
Finished building: ../Src/main.c
 
Building target: stm32f4xx_spi_uart.elf
Invoking: MCU GCC Linker
arm-none-eabi-gcc -mcpu=cortex-m4 -mthumb -mfloat-abi=hard -mfpu=fpv4-sp-d16 -specs=nosys.specs -specs=nano.specs -T"../STM32F446RETx_FLASH.ld" -Wl,-Map=output.map -Wl,--gc-sections -o "stm32f4xx_spi_uart.elf" @"objects.list"   -lm
Finished building target: stm32f4xx_spi_uart.elf
 
make --no-print-directory post-build
Generating binary and Printing size information:
arm-none-eabi-objcopy -O binary "stm32f4xx_spi_uart.elf" "stm32f4xx_spi_uart.bin"
arm-none-eabi-size "stm32f4xx_spi_uart.elf"
   text	   data	    bss	    dec	    hex	filename
  18336	    412	   2960	  21708	   54cc	stm32f4xx_spi_uart.elf
 

15:38:41 Build Finished (took 2s.882ms)

